******************************************************************************
                  TI ARM Linker PC v18.12.4                    
******************************************************************************
>> Linked Sun Jun  5 20:13:32 2022

OUTPUT FILE NAME:   <TestBoardFirmware.out>
ENTRY POINT SYMBOL: "_c_int00"  address: 0000cfbc


MEMORY CONFIGURATION

         name            origin    length      used     unused   attr    fill
----------------------  --------  ---------  --------  --------  ----  --------
  VECTORS               00000000   00000020  00000020  00000000     X
  FLASH0                00000020   0013ffe0  0000fb94  0013044c  R  X
  STACKS                08000000   00001500  00000000  00001500  RW  
  RAM                   08001500   0002eb00  0000018f  0002e971  RW  


SEGMENT ALLOCATION MAP

run origin  load origin   length   init length attrs members
----------  ----------- ---------- ----------- ----- -------
00000000    00000000    0000fbb8   0000fbb8    r-x
  00000000    00000000    00000020   00000020    r-x .intvecs
  00000020    00000020    0000f400   0000f400    r-x .text
  0000f420    0000f420    0000075c   0000075c    r-- .const
  0000fb80    0000fb80    00000038   00000038    r-- .cinit
08001500    08001500    00000190   00000000    rw-
  08001500    08001500    0000016f   00000000    rw- .bss
  08001670    08001670    00000020   00000000    rw- .data


SECTION ALLOCATION MAP

 output                                  attributes/
section   page    origin      length       input sections
--------  ----  ----------  ----------   ----------------
.intvecs   0    00000000    00000020     
                  00000000    00000020     sys_intvecs.obj (.intvecs)

.text      0    00000020    0000f400     
                  00000020    00002cdc     sys_selftest.obj (.text)
                  00002cfc    00000fb0     mibspi.obj (.text)
                  00003cac    00000fac     rtsv7R4_A_le_v3D16_eabi.lib : _printfi.c.obj (.text:__TI_printfi)
                  00004c58    00000b64     system.obj (.text)
                  000057bc    00000aec     adc.obj (.text)
                  000062a8    00000a58     sys_vim.obj (.text)
                  00006d00    00000a2c     sci.obj (.text)
                  0000772c    000008f0     het.obj (.text)
                  0000801c    000008b8     pinmux.obj (.text)
                  000088d4    000006fc     timer.obj (.text)
                  00008fd0    00000664     errata_SSWF021_45.obj (.text)
                  00009634    00000658     hv_voltage_sensor.obj (.text)
                  00009c8c    00000638     rti.obj (.text)
                  0000a2c4    00000620     apps.obj (.text)
                  0000a8e4    000005f4     bms_slaves.obj (.text)
                  0000aed8    000005bc     esm.obj (.text)
                  0000b494    00000484     gio.obj (.text)
                  0000b918    00000428     shutdown.obj (.text)
                  0000bd40    000003c0     main.obj (.text)
                  0000c100    0000034c     sys_core.obj (.text)
                  0000c44c    00000310     MCP48FV_DAC_SPI.obj (.text)
                  0000c75c    000002dc     rtsv7R4_A_le_v3D16_eabi.lib : _printfi.c.obj (.text:_pconv_a)
                  0000ca38    000002cc     sys_vim.obj (.text:retain)
                  0000cd04    000002b8     rtsv7R4_A_le_v3D16_eabi.lib : ull_div32.asm.obj (.text)
                  0000cfbc    00000290     sys_startup.obj (.text:retain)
                  0000d24c    00000248     rtsv7R4_A_le_v3D16_eabi.lib : _printfi.c.obj (.text:_pconv_g)
                  0000d494    00000204     sci.obj (.text:retain)
                  0000d698    000001c8     bse.obj (.text)
                  0000d860    00000180     rtsv7R4_A_le_v3D16_eabi.lib : memcpy32.asm.obj (.text)
                  0000d9e0    00000170     validation.obj (.text)
                  0000db50    0000015c     rtsv7R4_A_le_v3D16_eabi.lib : _printfi.c.obj (.text:_pconv_e)
                  0000dcac    0000015c     het.obj (.text:retain)
                  0000de08    00000144     rtsv7R4_A_le_v3D16_eabi.lib : _printfi.c.obj (.text:fcvt)
                  0000df4c    00000134                                 : s_floor.c.obj (.text:floor)
                  0000e080    0000012c     gpio_tests.obj (.text)
                  0000e1ac    00000120     notification.obj (.text)
                  0000e2cc    0000011c     rtsv7R4_A_le_v3D16_eabi.lib : s_scalbn.c.obj (.text:scalbn)
                  0000e3e8    00000114     esm.obj (.text:retain)
                  0000e4fc    0000010d     rtsv7R4_A_le_v3D16_eabi.lib : _printfi.c.obj (.text:_ltostr)
                  0000e609    00000003     --HOLE-- [fill = 0]
                  0000e60c    000000e8     dabort.obj (.text)
                  0000e6f4    000000e0     sys_pmu.obj (.text)
                  0000e7d4    000000d4     Phantom_sci.obj (.text)
                  0000e8a8    000000c8     rtsv7R4_A_le_v3D16_eabi.lib : _printfi.c.obj (.text:_mcpy)
                  0000e970    000000c8     vcu_peripherals.obj (.text)
                  0000ea38    000000bc     inverter.obj (.text)
                  0000eaf4    000000b0     rtsv7R4_A_le_v3D16_eabi.lib : memset32.asm.obj (.text)
                  0000eba4    00000098     gio.obj (.text:retain)
                  0000ec3c    00000094     rtsv7R4_A_le_v3D16_eabi.lib : _printfi.c.obj (.text:_ecpy)
                  0000ecd0    00000090                                 : copy_decompress_lzss.c.obj (.text:decompress:lzss:__TI_decompress_lzss)
                  0000ed60    0000008c                                 : s_frexp.c.obj (.text:frexp)
                  0000edec    00000084                                 : atoi.c.obj (.text:atoi)
                  0000ee70    00000080                                 : ltoa.c.obj (.text:ltoa)
                  0000eef0    00000074                                 : _printfi.c.obj (.text:_pconv_f)
                  0000ef64    00000068                                 : autoinit.c.obj (.text:__TI_auto_init_nobinit_nopinit:__TI_auto_init_nobinit_nopinit)
                  0000efcc    00000068                                 : vsnprintf.c.obj (.text:vsnprintf)
                  0000f034    00000064                                 : _printfi.c.obj (.text:_fcpy)
                  0000f098    0000005c                                 : vsnprintf.c.obj (.text:_outs)
                  0000f0f4    00000058     thermistor_expansion.obj (.text)
                  0000f14c    00000054     communications.obj (.text)
                  0000f1a0    00000054     rtsv7R4_A_le_v3D16_eabi.lib : i_div32.asm.obj (.text)
                  0000f1f4    00000050                                 : u_div32.asm.obj (.text)
                  0000f244    0000004c     rti.obj (.text:retain)
                  0000f290    00000048     common.obj (.text)
                  0000f2d8    0000002c     rtsv7R4_A_le_v3D16_eabi.lib : vsnprintf.c.obj (.text:_outc)
                  0000f304    0000002c                                 : memccpy.c.obj (.text:memccpy)
                  0000f330    00000028                                 : s_copysign.c.obj (.text:copysign)
                  0000f358    00000028                                 : copy_zero_init.c.obj (.text:decompress:ZI:__TI_zero_init_nomemset:__TI_zero_init_nomemset)
                  0000f380    00000028                                 : strchr.c.obj (.text:strchr)
                  0000f3a8    00000024                                 : wcslen.c.obj (.text:wcslen)
                  0000f3cc    00000020                                 : strlen.c.obj (.text:strlen)
                  0000f3ec    00000014                                 : copy_decompress_none.c.obj (.text:decompress:none:__TI_decompress_none)
                  0000f400    0000000c                                 : errno.c.obj (.text:__aeabi_errno_addr)
                  0000f40c    00000008                                 : exit.c.obj (.text:abort:abort)
                  0000f414    00000004     sys_phantom.obj (.text:retain)
                  0000f418    00000004     rtsv7R4_A_le_v3D16_eabi.lib : div0.asm.obj (.text)
                  0000f41c    00000004     sys_startup.obj (.text)

.const     0    0000f420    0000075c     
                  0000f420    000003a0     het.obj (.const:het1PROGRAM)
                  0000f7c0    00000200     sys_vim.obj (.const:s_vim_init)
                  0000f9c0    00000101     rtsv7R4_A_le_v3D16_eabi.lib : ctype.c.obj (.const:.string:_ctypes_)
                  0000fac1    00000003     --HOLE-- [fill = 0]
                  0000fac4    00000038     validation.obj (.const:APPS_RESULTS_LUT)
                  0000fafc    00000030     validation.obj (.const:BSE_RESULTS_LUT)
                  0000fb2c    00000020     het.obj (.const:s_het1pwmPolarity)
                  0000fb4c    00000018     adc.obj (.const:s_adcFiFoSize)
                  0000fb64    00000018     adc.obj (.const:s_adcSelect)

.cinit     0    0000fb80    00000038     
                  0000fb80    00000014     (.cinit..data.load) [load image, compression = lzss]
                  0000fb94    0000000c     (__TI_handler_table)
                  0000fba0    00000008     (.cinit..bss.load) [load image, compression = zero_init]
                  0000fba8    00000010     (__TI_cinit_table)

.bss       0    08001500    0000016f     UNINITIALIZED
                  08001500    00000120     timer.obj (.bss:xTimers)
                  08001620    00000028     sci.obj (.bss:g_sciTransfer_t)
                  08001648    0000000c     bms_slaves.obj (.bss)
                  08001654    00000008     inverter.obj (.bss:Inverter_data)
                  0800165c    00000008     inverter.obj (.bss)
                  08001664    00000005     shutdown.obj (.bss:shutdown)
                  08001669    00000003     (.common:test_data)
                  0800166c    00000002     (.common:ADC_output)
                  0800166e    00000001     main.obj (.bss)

.data      0    08001670    00000020     UNINITIALIZED
                  08001670    0000000d     main.obj (.data:testBoardState)
                  0800167d    00000001     --HOLE--
                  0800167e    00000002     hv_voltage_sensor.obj (.data:TX_Data_Slave)
                  08001680    00000004     apps.obj (.data)
                  08001684    00000004     inverter.obj (.data)
                  08001688    00000004     rtsv7R4_A_le_v3D16_eabi.lib : errno.c.obj (.data)
                  0800168c    00000004     shutdown.obj (.data)

MODULE SUMMARY

       Module                       code    ro data   rw data
       ------                       ----    -------   -------
    .\
       main.obj                     960     0         14     
    +--+----------------------------+-------+---------+---------+
       Total:                       960     0         14     
                                                             
    .\Testboard_HAL_drivers\source\
       sys_selftest.obj             11484   0         0      
       mibspi.obj                   4016    0         0      
       sys_vim.obj                  3364    512       0      
       het.obj                      2636    960       0      
       sci.obj                      3120    0         40     
       system.obj                   2916    0         0      
       adc.obj                      2796    48        0      
       pinmux.obj                   2232    0         0      
       esm.obj                      1744    0         0      
       rti.obj                      1668    0         0      
       errata_SSWF021_45.obj        1636    0         0      
       gio.obj                      1308    0         0      
       sys_core.obj                 844     0         0      
       sys_startup.obj              660     0         0      
       notification.obj             288     0         0      
       dabort.obj                   232     0         0      
       sys_pmu.obj                  224     0         0      
       sys_intvecs.obj              32      0         0      
       sys_phantom.obj              4       0         0      
    +--+----------------------------+-------+---------+---------+
       Total:                       41204   1520      40     
                                                             
    .\phantom_drivers\bms\source\
       bms_slaves.obj               1524    0         12     
       thermistor_expansion.obj     88      0         0      
       communications.obj           84      0         0      
    +--+----------------------------+-------+---------+---------+
       Total:                       1696    0         12     
                                                             
    .\phantom_drivers\common\source\
       timer.obj                    1788    0         288    
       shutdown.obj                 1064    0         9      
       MCP48FV_DAC_SPI.obj          784     0         0      
       validation.obj               368     104       0      
       Phantom_sci.obj              212     0         0      
       common.obj                   72      0         0      
    +--+----------------------------+-------+---------+---------+
       Total:                       4288    104       297    
                                                             
    .\phantom_drivers\vcu\source\
       hv_voltage_sensor.obj        1624    0         4      
       apps.obj                     1568    0         7      
       bse.obj                      456     0         0      
       gpio_tests.obj               300     0         0      
       inverter.obj                 188     0         20     
       vcu_peripherals.obj          200     0         0      
    +--+----------------------------+-------+---------+---------+
       Total:                       4336    0         31     
                                                             
    C:\ti\ccs930\ccs\tools\compiler\ti-cgt-arm_18.12.4.LTS\lib\rtsv7R4_A_le_v3D16_eabi.lib
       _printfi.c.obj               6833    0         0      
       ull_div32.asm.obj            696     0         0      
       memcpy32.asm.obj             384     0         0      
       s_floor.c.obj                308     0         0      
       s_scalbn.c.obj               284     0         0      
       ctype.c.obj                  0       257       0      
       vsnprintf.c.obj              240     0         0      
       memset32.asm.obj             176     0         0      
       copy_decompress_lzss.c.obj   144     0         0      
       s_frexp.c.obj                140     0         0      
       atoi.c.obj                   132     0         0      
       ltoa.c.obj                   128     0         0      
       autoinit.c.obj               104     0         0      
       i_div32.asm.obj              84      0         0      
       u_div32.asm.obj              80      0         0      
       memccpy.c.obj                44      0         0      
       copy_zero_init.c.obj         40      0         0      
       s_copysign.c.obj             40      0         0      
       strchr.c.obj                 40      0         0      
       wcslen.c.obj                 36      0         0      
       strlen.c.obj                 32      0         0      
       copy_decompress_none.c.obj   20      0         0      
       errno.c.obj                  12      0         4      
       exit.c.obj                   8       0         0      
       div0.asm.obj                 4       0         0      
    +--+----------------------------+-------+---------+---------+
       Total:                       10009   257       4      
                                                             
       Linker Generated:            0       56        0      
    +--+----------------------------+-------+---------+---------+
       Grand Total:                 62493   1937      398    


LINKER GENERATED COPY TABLES

__TI_cinit_table @ 0000fba8 records: 2, size/record: 8, table size: 16
	.data: load addr=0000fb80, load size=00000014 bytes, run addr=08001670, run size=00000020 bytes, compression=lzss
	.bss: load addr=0000fba0, load size=00000008 bytes, run addr=08001500, run size=0000016f bytes, compression=zero_init


LINKER GENERATED HANDLER TABLE

__TI_handler_table @ 0000fb94 records: 3, size/record: 4, table size: 12
	index: 0, handler: __TI_zero_init
	index: 1, handler: __TI_decompress_lzss
	index: 2, handler: __TI_decompress_none


GLOBAL SYMBOLS: SORTED ALPHABETICALLY BY Name 

address   name                                
-------   ----                                
0800166c  ADC_output                          
0000f40c  C$$EXIT                             
00009ff8  IsdwdKeySequenceCorrect             
0000c44c  MCP48FV_Init                        
0000c704  MCP48FV_Read                        
0000c498  MCP48FV_Set_Value_Double            
0000c58c  MCP48FV_Set_Value_Single            
0000c654  MCP48FV_Write                       
UNDEFED   SHT$$INIT_ARRAY$$Base               
UNDEFED   SHT$$INIT_ARRAY$$Limit              
0800167e  TX_Data_Slave                       
0000e804  UARTInit                            
0000e7d4  UARTSend                            
0000e824  UARTprintf                          
0000fba8  __TI_CINIT_Base                     
0000fbb8  __TI_CINIT_Limit                    
0000fb94  __TI_Handler_Table_Base             
0000fba0  __TI_Handler_Table_Limit            
0000c444  __TI_PINIT_Base                     
0000c448  __TI_PINIT_Limit                    
0000ef64  __TI_auto_init_nobinit_nopinit      
0000ecd0  __TI_decompress_lzss                
0000f3ec  __TI_decompress_none                
ffffffff  __TI_pprof_out_hndl                 
00003cac  __TI_printfi                        
ffffffff  __TI_prof_data_size                 
ffffffff  __TI_prof_data_start                
00000000  __TI_static_base__                  
0000f358  __TI_zero_init_nomemset             
0000f400  __aeabi_errno_addr                  
0000f1a0  __aeabi_idiv                        
0000f418  __aeabi_idiv0                       
0000f1a0  __aeabi_idivmod                     
0000f418  __aeabi_ldiv0                       
0000eaf4  __aeabi_memclr                      
0000eaf4  __aeabi_memclr4                     
0000eaf4  __aeabi_memclr8                     
0000d860  __aeabi_memcpy                      
0000d860  __aeabi_memcpy4                     
0000d860  __aeabi_memcpy8                     
0000eaf8  __aeabi_memset                      
0000eaf8  __aeabi_memset4                     
0000eaf8  __aeabi_memset8                     
0000f1f4  __aeabi_uidiv                       
0000f1f4  __aeabi_uidivmod                    
0000cd04  __aeabi_uldivmod                    
ffffffff  __binit__                           
ffffffff  __c_args__                          
0000cfbc  _c_int00                            
0000c35c  _coreClearAuxiliaryDataFault_       
0000c370  _coreClearAuxiliaryInstructionFault_
0000c334  _coreClearDataFaultAddress_         
0000c30c  _coreClearDataFault_                
0000c348  _coreClearInstructionFaultAddress_  
0000c320  _coreClearInstructionFault_         
0000c2a0  _coreDisableEventBusExport_         
0000c2e4  _coreDisableFlashEcc_               
0000c2c0  _coreDisableRamEcc_                 
0000c290  _coreEnableEventBusExport_          
0000c2d0  _coreEnableFlashEcc_                
0000c2f4  _coreEnableIrqVicOffset_            
0000c2b0  _coreEnableRamEcc_                  
0000c278  _coreEnableVfp_                     
0000c354  _coreGetAuxiliaryDataFault_         
0000c368  _coreGetAuxiliaryInstructionFault_  
0000c32c  _coreGetDataFaultAddress_           
0000c304  _coreGetDataFault_                  
0000c340  _coreGetInstructionFaultAddress_    
0000c318  _coreGetInstructionFault_           
0000c100  _coreInitRegisters_                 
0000c20c  _coreInitStackPointer_              
0000f9c0  _ctypes_                            
0000e60c  _dabort                             
0000c384  _disable_FIQ_interrupt_             
0000c38c  _disable_IRQ_interrupt_             
0000c37c  _disable_interrupt_                 
0000c394  _enable_interrupt_                  
0000c424  _errata_CORTEXR4_57_                
0000c434  _errata_CORTEXR4_66_                
00008fd0  _errata_SSWF021_45_both_plls        
000091c4  _errata_SSWF021_45_pll1             
0000933c  _errata_SSWF021_45_pll2             
0000c39c  _esmCcmErrorsClear_                 
0000c258  _getCPSRValue_                      
0000c260  _gotoCPUIdle_                       
0000e750  _pmuDisableCountersGlobal_          
0000e740  _pmuEnableCountersGlobal_           
0000e7ac  _pmuGetCycleCount_                  
0000e7b4  _pmuGetEventCount_                  
0000e7c0  _pmuGetOverflow_                    
0000e6f4  _pmuInit_                           
0000e780  _pmuResetCounters_                  
0000e760  _pmuResetCycleCounter_              
0000e770  _pmuResetEventCounters_             
0000e7a0  _pmuSetCountEvent_                  
0000e790  _pmuStartCounters_                  
0000e798  _pmuStopCounters_                   
UNDEFED   _system_post_cinit                  
0000f40c  abort                               
00006038  adc1GetConfigValue                  
0000126c  adc1ParityCheck                     
00001358  adc2ParityCheck                     
00005c14  adcCalibration                      
00005fd8  adcDisableNotification              
00005f88  adcEnableNotification               
000059ec  adcGetData                          
00006020  adcGetEVTPin                        
000057bc  adcInit                             
00005be4  adcIsConversionComplete             
00005bb4  adcIsFifoFull                       
00005dec  adcMidPointCalibration              
0000e214  adcNotification                     
000059c4  adcResetFiFo                        
00006000  adcSetEVTPin                        
00009bf8  adcSlaveDataSetup                   
00005918  adcStartConversion                  
0000599c  adcStopConversion                   
0000a714  apps_open_callback                  
0000a2c4  apps_process                        
0000a5f8  apps_short_callback                 
0000a4e8  apps_sweep_callback                 
0000a82c  apps_unit_test                      
0000edec  atoi                                
ffffffff  binit                               
0000a960  bms_slaves_init                     
0000a8e4  bms_slaves_process                  
0000d698  bse_process                         
0000d780  bse_sweep_timer                     
00001410  can1ParityCheck                     
000014e8  can2ParityCheck                     
000015b0  can3ParityCheck                     
00007d38  capGetSignal                        
00000030  ccmSelfCheck                        
000026fc  ccmr4GetConfigValue                 
00000938  checkB0RAMECC                       
00000b28  checkB1RAMECC                       
00001c18  checkClockMonitor                   
00000d18  checkFlashECC                       
00001cf4  checkFlashEEPROMECC                 
00001e8c  checkPLL1Slip                       
00001f8c  checkPLL2Slip                       
00002050  checkRAMAddrParity                  
000019d0  checkRAMECC                         
0000215c  checkRAMUERRTest                    
000007bc  checkefcSelfTest                    
0000c618  cmdCreator                          
0000f14c  communications_process              
0000f330  copysign                            
0000f330  copysignl                           
00000234  cpuSelfTest                         
00000dfc  cpuSelfTestFail                     
000056e0  customTrimLPO                       
00000df4  custom_dabort                       
00008ea4  defaultCallback                     
0000f290  delayms                             
00002b58  disableParity                       
0000e2b8  dmaGroupANotification               
00000eac  dmaParityCheck                      
0000a060  dwdClearFlag                        
00009f94  dwdCounterEnable                    
00009fdc  dwdGenerateSysReset                 
0000a02c  dwdGetStatus                        
0000a070  dwdGetViolationStatus               
00009f18  dwdInit                             
00009fc0  dwdReset                            
00009fa4  dwdSetPreload                       
00009f88  dwwdGetCurrentDownCounter           
00009f40  dwwdInit                            
00007cf8  edgeDisableNotification             
00007cbc  edgeEnableNotification              
00007c90  edgeGetCounter                      
0000bb9c  edgeNotification                    
00007c64  edgeResetCounter                    
00000660  efcCheck                            
00002660  efcGetConfigValue                   
00000794  efcSelfTest                         
000006e8  efcStuckZeroTest                    
00002ad0  enableParity                        
0000276c  errata_PBIST_4                      
08001688  errno                               
0000b05c  esmActivateNormalOperation          
0000b130  esmClearStatus                      
0000b170  esmClearStatusBuffer                
0000b024  esmDisableError                     
0000b094  esmDisableInterrupt                 
0000affc  esmEnableError                      
0000b06c  esmEnableInterrupt                  
0000b268  esmEnterSelfTest                    
0000afe0  esmError                            
0000b340  esmGetConfigValue                   
0000b1ac  esmGetStatus                        
0000b230  esmGetStatusBuffer                  
0000e1ac  esmGroup1Notification               
0000e1bc  esmGroup2Notification               
0000e3e8  esmHighInterrupt                    
0000aed8  esmInit                             
0000b2f0  esmSelfTestStatus                   
0000b18c  esmSetCounterPreloadValue           
0000b0bc  esmSetInterruptLevel                
0000b04c  esmTriggerErrorPinReset             
0000df4c  floor                               
0000df4c  floorl                              
000022c4  fmcBus1ParityCheck                  
0000085c  fmcBus2Check                        
00000898  fmcECCcheck                         
0000ed60  frexp                               
0000ed60  frexpl                              
0000ba14  getExpectedShutdownResult           
0000ea80  getInverterSignal                   
0000b9f4  getShutdownSignal                   
00008a98  getTimerETA                         
00008a50  getTimerID                          
00008a74  getTimerPeriod                      
0000d814  get_bse_voltage                     
0000b6f4  gioDisableNotification              
0000b68c  gioEnableNotification               
0000b5f4  gioGetBit                           
0000b75c  gioGetConfigValue                   
0000b61c  gioGetPort                          
0000b494  gioInit                             
0000eba4  gioLowLevelInterrupt                
0000e228  gioNotification                     
0000b584  gioSetBit                           
0000b564  gioSetDirection                     
0000b5d4  gioSetPort                          
0000b634  gioToggleBit                        
0000e080  gpio_init                           
0000e08c  gpio_process                        
0000f41c  handlePLLLockFail                   
00007e44  het1GetConfigValue                  
0000dcac  het1HighLevelInterrupt              
0000dd54  het1LowLevelInterrupt               
00000f58  het1ParityCheck                     
000010c0  het2ParityCheck                     
00007e2c  hetGetTimestamp                     
0000772c  hetInit                             
0000e2a4  hetNotification                     
00007e10  hetResetTimestamp                   
00001004  htu1ParityCheck                     
000011bc  htu2ParityCheck                     
00009634  hv_vs_process                       
00009b5c  hv_vs_sweep_timer                   
0000b990  initializeShutdownInterrupt         
00008eb4  initializeTimers                    
00008a2c  isBlocked                           
0000b9b4  isShutdownPass                      
0000b9e4  isShutdownTimeout                   
0000d9e0  is_bms_slave_test_passed            
0000e2cc  ldexp                               
0000e2cc  ldexpl                              
0000d494  linHighLevelInterrupt               
0000ee70  ltoa                                
0000bd40  main                                
00004dc0  mapClocks                           
0000f304  memccpy                             
0000d860  memcpy                              
00000174  memoryInit                          
0000e1cc  memoryPort0TestFailNotification     
0000e1e8  memoryPort1TestFailNotification     
0000eb04  memset                              
00003600  mibspi1GetConfigValue               
00001684  mibspi1ParityCheck                  
000038c4  mibspi3GetConfigValue               
0000178c  mibspi3ParityCheck                  
000018b0  mibspi5ParityCheck                  
000035cc  mibspiDisableGroupNotification      
000034d8  mibspiDisableLoopback               
00003544  mibspiEnableGroupNotification       
000034a4  mibspiEnableLoopback                
000032bc  mibspiGetData                       
0000e250  mibspiGroupNotification             
00002cfc  mibspiInit                          
00003438  mibspiIsTransferComplete            
0000e23c  mibspiNotification                  
000034f4  mibspiPmodeSet                      
000031b0  mibspiSetData                       
00003190  mibspiSetFunctional                 
00003408  mibspiTransfer                      
0000801c  muxInit                             
000023ec  pbistFail                           
00002470  pbistGetConfigValue                 
000005a8  pbistIsTestCompleted                
000005d4  pbistIsTestPassed                   
00000608  pbistPortTestStatus                 
000004ac  pbistRun                            
000002cc  pbistSelfCheck                      
00000578  pbistStop                           
00004d6c  periphInit                          
0000f414  phantomInterrupt                    
000084b8  pinmuxGetConfigValue                
00007c34  pwmDisableNotification              
00007bec  pwmEnableNotification               
00007b0c  pwmGetSignal                        
0000e278  pwmNotification                     
00007854  pwmSetDuty                          
00007990  pwmSetSignal                        
000077ec  pwmStart                            
00007820  pwmStop                             
0000c6b8  readRegister                        
00000000  resetEntry                          
0000f244  rtiCompare0Interrupt                
0000a120  rtiDisableNotification              
0000a0f8  rtiEnableNotification               
0000a13c  rtiGetConfigValue                   
00009e8c  rtiGetCurrentTick                   
00009e64  rtiGetPeriod                        
00009c8c  rtiInit                             
00008f0c  rtiNotification                     
00009dd8  rtiResetCounter                     
00009e3c  rtiSetPeriod                        
00009d80  rtiStartCounter                     
00009dac  rtiStopCounter                      
0000e2cc  scalbn                              
0000e2cc  scalbnl                             
000072b0  sciDisableLoopback                  
0000733c  sciDisableNotification              
0000727c  sciEnableLoopback                   
000072d4  sciEnableNotification               
000073a4  sciEnterResetState                  
000073c4  sciExitResetState                   
000073e4  sciGetConfigValue                   
00006d00  sciInit                             
0000712c  sciIsIdleDetected                   
00007110  sciIsRxReady                        
00006f90  sciIsTxReady                        
0000e264  sciNotification                     
000071a4  sciReceive                          
00007178  sciReceiveByte                      
00007148  sciRxError                          
00006fdc  sciSend                             
00006fac  sciSendByte                         
00006ef4  sciSetBaudrate                      
00006ed4  sciSetFunctional                    
0000753c  scilinGetConfigValue                
00000020  selftestFailNotification            
0000e970  sendAPPSVoltages                    
0000e994  sendAPPSdiff                        
0000ba24  setShutdownOccurence                
00008d64  setTimerCallback                    
00008d0c  setTimerID                          
00008d38  setTimerPeriod                      
00004d2c  setupFlash                          
00004c58  setupPLL                            
0000bad8  shutdown_callback                   
0000ba88  shutdown_timeout_callback           
00008964  softwareTimerCallback               
000055a4  sramGetConfigValue                  
00008bc4  startGlobalTimer                    
00008c20  startTimer                          
000025bc  stcGetConfigValue                   
000001b8  stcSelfCheck                        
00000df8  stcSelfCheckFail                    
00008be4  stopAllTimers                       
00008bd4  stopGlobalTimer                     
00008cbc  stopTimer                           
0000f380  strchr                              
0000f3cc  strlen                              
00004fe4  systemGetConfigValue                
00004ee8  systemInit                          
00004fb4  systemPowerDown                     
000053f8  tcmflashGetConfigValue              
08001669  test_data                           
0000f0f4  thermistor_process                  
08001680  this                                
000089e0  timerInit                           
00008ae8  timers_complete                     
00004cb8  trimLPO                             
00008da0  update_value                        
0000da20  validateThrottleControls            
0000637c  vimChannelMap                       
000065e8  vimDisableInterrupt                 
00006420  vimEnableInterrupt                  
00006694  vimGetConfigValue                   
000062a8  vimInit                             
00000e00  vimParityCheck                      
0000ca38  vimParityErrorHandler               
0000efcc  vsnprintf                           
0000f3a8  wcslen                              
00008b54  xTimerSet                           


GLOBAL SYMBOLS: SORTED BY Symbol Address 

address   name                                
-------   ----                                
00000000  __TI_static_base__                  
00000000  resetEntry                          
00000020  selftestFailNotification            
00000030  ccmSelfCheck                        
00000174  memoryInit                          
000001b8  stcSelfCheck                        
00000234  cpuSelfTest                         
000002cc  pbistSelfCheck                      
000004ac  pbistRun                            
00000578  pbistStop                           
000005a8  pbistIsTestCompleted                
000005d4  pbistIsTestPassed                   
00000608  pbistPortTestStatus                 
00000660  efcCheck                            
000006e8  efcStuckZeroTest                    
00000794  efcSelfTest                         
000007bc  checkefcSelfTest                    
0000085c  fmcBus2Check                        
00000898  fmcECCcheck                         
00000938  checkB0RAMECC                       
00000b28  checkB1RAMECC                       
00000d18  checkFlashECC                       
00000df4  custom_dabort                       
00000df8  stcSelfCheckFail                    
00000dfc  cpuSelfTestFail                     
00000e00  vimParityCheck                      
00000eac  dmaParityCheck                      
00000f58  het1ParityCheck                     
00001004  htu1ParityCheck                     
000010c0  het2ParityCheck                     
000011bc  htu2ParityCheck                     
0000126c  adc1ParityCheck                     
00001358  adc2ParityCheck                     
00001410  can1ParityCheck                     
000014e8  can2ParityCheck                     
000015b0  can3ParityCheck                     
00001684  mibspi1ParityCheck                  
0000178c  mibspi3ParityCheck                  
000018b0  mibspi5ParityCheck                  
000019d0  checkRAMECC                         
00001c18  checkClockMonitor                   
00001cf4  checkFlashEEPROMECC                 
00001e8c  checkPLL1Slip                       
00001f8c  checkPLL2Slip                       
00002050  checkRAMAddrParity                  
0000215c  checkRAMUERRTest                    
000022c4  fmcBus1ParityCheck                  
000023ec  pbistFail                           
00002470  pbistGetConfigValue                 
000025bc  stcGetConfigValue                   
00002660  efcGetConfigValue                   
000026fc  ccmr4GetConfigValue                 
0000276c  errata_PBIST_4                      
00002ad0  enableParity                        
00002b58  disableParity                       
00002cfc  mibspiInit                          
00003190  mibspiSetFunctional                 
000031b0  mibspiSetData                       
000032bc  mibspiGetData                       
00003408  mibspiTransfer                      
00003438  mibspiIsTransferComplete            
000034a4  mibspiEnableLoopback                
000034d8  mibspiDisableLoopback               
000034f4  mibspiPmodeSet                      
00003544  mibspiEnableGroupNotification       
000035cc  mibspiDisableGroupNotification      
00003600  mibspi1GetConfigValue               
000038c4  mibspi3GetConfigValue               
00003cac  __TI_printfi                        
00004c58  setupPLL                            
00004cb8  trimLPO                             
00004d2c  setupFlash                          
00004d6c  periphInit                          
00004dc0  mapClocks                           
00004ee8  systemInit                          
00004fb4  systemPowerDown                     
00004fe4  systemGetConfigValue                
000053f8  tcmflashGetConfigValue              
000055a4  sramGetConfigValue                  
000056e0  customTrimLPO                       
000057bc  adcInit                             
00005918  adcStartConversion                  
0000599c  adcStopConversion                   
000059c4  adcResetFiFo                        
000059ec  adcGetData                          
00005bb4  adcIsFifoFull                       
00005be4  adcIsConversionComplete             
00005c14  adcCalibration                      
00005dec  adcMidPointCalibration              
00005f88  adcEnableNotification               
00005fd8  adcDisableNotification              
00006000  adcSetEVTPin                        
00006020  adcGetEVTPin                        
00006038  adc1GetConfigValue                  
000062a8  vimInit                             
0000637c  vimChannelMap                       
00006420  vimEnableInterrupt                  
000065e8  vimDisableInterrupt                 
00006694  vimGetConfigValue                   
00006d00  sciInit                             
00006ed4  sciSetFunctional                    
00006ef4  sciSetBaudrate                      
00006f90  sciIsTxReady                        
00006fac  sciSendByte                         
00006fdc  sciSend                             
00007110  sciIsRxReady                        
0000712c  sciIsIdleDetected                   
00007148  sciRxError                          
00007178  sciReceiveByte                      
000071a4  sciReceive                          
0000727c  sciEnableLoopback                   
000072b0  sciDisableLoopback                  
000072d4  sciEnableNotification               
0000733c  sciDisableNotification              
000073a4  sciEnterResetState                  
000073c4  sciExitResetState                   
000073e4  sciGetConfigValue                   
0000753c  scilinGetConfigValue                
0000772c  hetInit                             
000077ec  pwmStart                            
00007820  pwmStop                             
00007854  pwmSetDuty                          
00007990  pwmSetSignal                        
00007b0c  pwmGetSignal                        
00007bec  pwmEnableNotification               
00007c34  pwmDisableNotification              
00007c64  edgeResetCounter                    
00007c90  edgeGetCounter                      
00007cbc  edgeEnableNotification              
00007cf8  edgeDisableNotification             
00007d38  capGetSignal                        
00007e10  hetResetTimestamp                   
00007e2c  hetGetTimestamp                     
00007e44  het1GetConfigValue                  
0000801c  muxInit                             
000084b8  pinmuxGetConfigValue                
00008964  softwareTimerCallback               
000089e0  timerInit                           
00008a2c  isBlocked                           
00008a50  getTimerID                          
00008a74  getTimerPeriod                      
00008a98  getTimerETA                         
00008ae8  timers_complete                     
00008b54  xTimerSet                           
00008bc4  startGlobalTimer                    
00008bd4  stopGlobalTimer                     
00008be4  stopAllTimers                       
00008c20  startTimer                          
00008cbc  stopTimer                           
00008d0c  setTimerID                          
00008d38  setTimerPeriod                      
00008d64  setTimerCallback                    
00008da0  update_value                        
00008ea4  defaultCallback                     
00008eb4  initializeTimers                    
00008f0c  rtiNotification                     
00008fd0  _errata_SSWF021_45_both_plls        
000091c4  _errata_SSWF021_45_pll1             
0000933c  _errata_SSWF021_45_pll2             
00009634  hv_vs_process                       
00009b5c  hv_vs_sweep_timer                   
00009bf8  adcSlaveDataSetup                   
00009c8c  rtiInit                             
00009d80  rtiStartCounter                     
00009dac  rtiStopCounter                      
00009dd8  rtiResetCounter                     
00009e3c  rtiSetPeriod                        
00009e64  rtiGetPeriod                        
00009e8c  rtiGetCurrentTick                   
00009f18  dwdInit                             
00009f40  dwwdInit                            
00009f88  dwwdGetCurrentDownCounter           
00009f94  dwdCounterEnable                    
00009fa4  dwdSetPreload                       
00009fc0  dwdReset                            
00009fdc  dwdGenerateSysReset                 
00009ff8  IsdwdKeySequenceCorrect             
0000a02c  dwdGetStatus                        
0000a060  dwdClearFlag                        
0000a070  dwdGetViolationStatus               
0000a0f8  rtiEnableNotification               
0000a120  rtiDisableNotification              
0000a13c  rtiGetConfigValue                   
0000a2c4  apps_process                        
0000a4e8  apps_sweep_callback                 
0000a5f8  apps_short_callback                 
0000a714  apps_open_callback                  
0000a82c  apps_unit_test                      
0000a8e4  bms_slaves_process                  
0000a960  bms_slaves_init                     
0000aed8  esmInit                             
0000afe0  esmError                            
0000affc  esmEnableError                      
0000b024  esmDisableError                     
0000b04c  esmTriggerErrorPinReset             
0000b05c  esmActivateNormalOperation          
0000b06c  esmEnableInterrupt                  
0000b094  esmDisableInterrupt                 
0000b0bc  esmSetInterruptLevel                
0000b130  esmClearStatus                      
0000b170  esmClearStatusBuffer                
0000b18c  esmSetCounterPreloadValue           
0000b1ac  esmGetStatus                        
0000b230  esmGetStatusBuffer                  
0000b268  esmEnterSelfTest                    
0000b2f0  esmSelfTestStatus                   
0000b340  esmGetConfigValue                   
0000b494  gioInit                             
0000b564  gioSetDirection                     
0000b584  gioSetBit                           
0000b5d4  gioSetPort                          
0000b5f4  gioGetBit                           
0000b61c  gioGetPort                          
0000b634  gioToggleBit                        
0000b68c  gioEnableNotification               
0000b6f4  gioDisableNotification              
0000b75c  gioGetConfigValue                   
0000b990  initializeShutdownInterrupt         
0000b9b4  isShutdownPass                      
0000b9e4  isShutdownTimeout                   
0000b9f4  getShutdownSignal                   
0000ba14  getExpectedShutdownResult           
0000ba24  setShutdownOccurence                
0000ba88  shutdown_timeout_callback           
0000bad8  shutdown_callback                   
0000bb9c  edgeNotification                    
0000bd40  main                                
0000c100  _coreInitRegisters_                 
0000c20c  _coreInitStackPointer_              
0000c258  _getCPSRValue_                      
0000c260  _gotoCPUIdle_                       
0000c278  _coreEnableVfp_                     
0000c290  _coreEnableEventBusExport_          
0000c2a0  _coreDisableEventBusExport_         
0000c2b0  _coreEnableRamEcc_                  
0000c2c0  _coreDisableRamEcc_                 
0000c2d0  _coreEnableFlashEcc_                
0000c2e4  _coreDisableFlashEcc_               
0000c2f4  _coreEnableIrqVicOffset_            
0000c304  _coreGetDataFault_                  
0000c30c  _coreClearDataFault_                
0000c318  _coreGetInstructionFault_           
0000c320  _coreClearInstructionFault_         
0000c32c  _coreGetDataFaultAddress_           
0000c334  _coreClearDataFaultAddress_         
0000c340  _coreGetInstructionFaultAddress_    
0000c348  _coreClearInstructionFaultAddress_  
0000c354  _coreGetAuxiliaryDataFault_         
0000c35c  _coreClearAuxiliaryDataFault_       
0000c368  _coreGetAuxiliaryInstructionFault_  
0000c370  _coreClearAuxiliaryInstructionFault_
0000c37c  _disable_interrupt_                 
0000c384  _disable_FIQ_interrupt_             
0000c38c  _disable_IRQ_interrupt_             
0000c394  _enable_interrupt_                  
0000c39c  _esmCcmErrorsClear_                 
0000c424  _errata_CORTEXR4_57_                
0000c434  _errata_CORTEXR4_66_                
0000c444  __TI_PINIT_Base                     
0000c448  __TI_PINIT_Limit                    
0000c44c  MCP48FV_Init                        
0000c498  MCP48FV_Set_Value_Double            
0000c58c  MCP48FV_Set_Value_Single            
0000c618  cmdCreator                          
0000c654  MCP48FV_Write                       
0000c6b8  readRegister                        
0000c704  MCP48FV_Read                        
0000ca38  vimParityErrorHandler               
0000cd04  __aeabi_uldivmod                    
0000cfbc  _c_int00                            
0000d494  linHighLevelInterrupt               
0000d698  bse_process                         
0000d780  bse_sweep_timer                     
0000d814  get_bse_voltage                     
0000d860  __aeabi_memcpy                      
0000d860  __aeabi_memcpy4                     
0000d860  __aeabi_memcpy8                     
0000d860  memcpy                              
0000d9e0  is_bms_slave_test_passed            
0000da20  validateThrottleControls            
0000dcac  het1HighLevelInterrupt              
0000dd54  het1LowLevelInterrupt               
0000df4c  floor                               
0000df4c  floorl                              
0000e080  gpio_init                           
0000e08c  gpio_process                        
0000e1ac  esmGroup1Notification               
0000e1bc  esmGroup2Notification               
0000e1cc  memoryPort0TestFailNotification     
0000e1e8  memoryPort1TestFailNotification     
0000e214  adcNotification                     
0000e228  gioNotification                     
0000e23c  mibspiNotification                  
0000e250  mibspiGroupNotification             
0000e264  sciNotification                     
0000e278  pwmNotification                     
0000e2a4  hetNotification                     
0000e2b8  dmaGroupANotification               
0000e2cc  ldexp                               
0000e2cc  ldexpl                              
0000e2cc  scalbn                              
0000e2cc  scalbnl                             
0000e3e8  esmHighInterrupt                    
0000e60c  _dabort                             
0000e6f4  _pmuInit_                           
0000e740  _pmuEnableCountersGlobal_           
0000e750  _pmuDisableCountersGlobal_          
0000e760  _pmuResetCycleCounter_              
0000e770  _pmuResetEventCounters_             
0000e780  _pmuResetCounters_                  
0000e790  _pmuStartCounters_                  
0000e798  _pmuStopCounters_                   
0000e7a0  _pmuSetCountEvent_                  
0000e7ac  _pmuGetCycleCount_                  
0000e7b4  _pmuGetEventCount_                  
0000e7c0  _pmuGetOverflow_                    
0000e7d4  UARTSend                            
0000e804  UARTInit                            
0000e824  UARTprintf                          
0000e970  sendAPPSVoltages                    
0000e994  sendAPPSdiff                        
0000ea80  getInverterSignal                   
0000eaf4  __aeabi_memclr                      
0000eaf4  __aeabi_memclr4                     
0000eaf4  __aeabi_memclr8                     
0000eaf8  __aeabi_memset                      
0000eaf8  __aeabi_memset4                     
0000eaf8  __aeabi_memset8                     
0000eb04  memset                              
0000eba4  gioLowLevelInterrupt                
0000ecd0  __TI_decompress_lzss                
0000ed60  frexp                               
0000ed60  frexpl                              
0000edec  atoi                                
0000ee70  ltoa                                
0000ef64  __TI_auto_init_nobinit_nopinit      
0000efcc  vsnprintf                           
0000f0f4  thermistor_process                  
0000f14c  communications_process              
0000f1a0  __aeabi_idiv                        
0000f1a0  __aeabi_idivmod                     
0000f1f4  __aeabi_uidiv                       
0000f1f4  __aeabi_uidivmod                    
0000f244  rtiCompare0Interrupt                
0000f290  delayms                             
0000f304  memccpy                             
0000f330  copysign                            
0000f330  copysignl                           
0000f358  __TI_zero_init_nomemset             
0000f380  strchr                              
0000f3a8  wcslen                              
0000f3cc  strlen                              
0000f3ec  __TI_decompress_none                
0000f400  __aeabi_errno_addr                  
0000f40c  C$$EXIT                             
0000f40c  abort                               
0000f414  phantomInterrupt                    
0000f418  __aeabi_idiv0                       
0000f418  __aeabi_ldiv0                       
0000f41c  handlePLLLockFail                   
0000f9c0  _ctypes_                            
0000fb94  __TI_Handler_Table_Base             
0000fba0  __TI_Handler_Table_Limit            
0000fba8  __TI_CINIT_Base                     
0000fbb8  __TI_CINIT_Limit                    
08001669  test_data                           
0800166c  ADC_output                          
0800167e  TX_Data_Slave                       
08001680  this                                
08001688  errno                               
ffffffff  __TI_pprof_out_hndl                 
ffffffff  __TI_prof_data_size                 
ffffffff  __TI_prof_data_start                
ffffffff  __binit__                           
ffffffff  __c_args__                          
ffffffff  binit                               
UNDEFED   SHT$$INIT_ARRAY$$Base               
UNDEFED   SHT$$INIT_ARRAY$$Limit              
UNDEFED   _system_post_cinit                  

[379 symbols]
