<?xml version="1.0" encoding="ISO-8859-1" ?>
<link_info>
   <banner>TI ARM Linker PC v18.12.4.LTS</banner>
   <copyright>Copyright (c) 1996-2018 Texas Instruments Incorporated</copyright>
   <link_time>0x629d70dc</link_time>
   <link_errors>0x0</link_errors>
   <output_file>TestBoardFirmware.out</output_file>
   <entry_point>
      <name>_c_int00</name>
      <address>0xcfbc</address>
   </entry_point>
   <input_file_list>
      <input_file id="fl-2">
         <path>.\</path>
         <kind>object</kind>
         <file>main.obj</file>
         <name>main.obj</name>
      </input_file>
      <input_file id="fl-3">
         <path>.\Testboard_HAL_drivers\source\</path>
         <kind>object</kind>
         <file>adc.obj</file>
         <name>adc.obj</name>
      </input_file>
      <input_file id="fl-4">
         <path>.\Testboard_HAL_drivers\source\</path>
         <kind>object</kind>
         <file>crc.obj</file>
         <name>crc.obj</name>
      </input_file>
      <input_file id="fl-5">
         <path>.\Testboard_HAL_drivers\source\</path>
         <kind>object</kind>
         <file>dabort.obj</file>
         <name>dabort.obj</name>
      </input_file>
      <input_file id="fl-6">
         <path>.\Testboard_HAL_drivers\source\</path>
         <kind>object</kind>
         <file>ecap.obj</file>
         <name>ecap.obj</name>
      </input_file>
      <input_file id="fl-7">
         <path>.\Testboard_HAL_drivers\source\</path>
         <kind>object</kind>
         <file>eqep.obj</file>
         <name>eqep.obj</name>
      </input_file>
      <input_file id="fl-8">
         <path>.\Testboard_HAL_drivers\source\</path>
         <kind>object</kind>
         <file>errata_SSWF021_45.obj</file>
         <name>errata_SSWF021_45.obj</name>
      </input_file>
      <input_file id="fl-9">
         <path>.\Testboard_HAL_drivers\source\</path>
         <kind>object</kind>
         <file>esm.obj</file>
         <name>esm.obj</name>
      </input_file>
      <input_file id="fl-a">
         <path>.\Testboard_HAL_drivers\source\</path>
         <kind>object</kind>
         <file>etpwm.obj</file>
         <name>etpwm.obj</name>
      </input_file>
      <input_file id="fl-b">
         <path>.\Testboard_HAL_drivers\source\</path>
         <kind>object</kind>
         <file>gio.obj</file>
         <name>gio.obj</name>
      </input_file>
      <input_file id="fl-c">
         <path>.\Testboard_HAL_drivers\source\</path>
         <kind>object</kind>
         <file>het.obj</file>
         <name>het.obj</name>
      </input_file>
      <input_file id="fl-d">
         <path>.\Testboard_HAL_drivers\source\</path>
         <kind>object</kind>
         <file>mibspi.obj</file>
         <name>mibspi.obj</name>
      </input_file>
      <input_file id="fl-e">
         <path>.\Testboard_HAL_drivers\source\</path>
         <kind>object</kind>
         <file>notification.obj</file>
         <name>notification.obj</name>
      </input_file>
      <input_file id="fl-f">
         <path>.\Testboard_HAL_drivers\source\</path>
         <kind>object</kind>
         <file>os_croutine.obj</file>
         <name>os_croutine.obj</name>
      </input_file>
      <input_file id="fl-10">
         <path>.\Testboard_HAL_drivers\source\</path>
         <kind>object</kind>
         <file>os_event_groups.obj</file>
         <name>os_event_groups.obj</name>
      </input_file>
      <input_file id="fl-11">
         <path>.\Testboard_HAL_drivers\source\</path>
         <kind>object</kind>
         <file>os_heap.obj</file>
         <name>os_heap.obj</name>
      </input_file>
      <input_file id="fl-12">
         <path>.\Testboard_HAL_drivers\source\</path>
         <kind>object</kind>
         <file>os_list.obj</file>
         <name>os_list.obj</name>
      </input_file>
      <input_file id="fl-13">
         <path>.\Testboard_HAL_drivers\source\</path>
         <kind>object</kind>
         <file>os_mpu_wrappers.obj</file>
         <name>os_mpu_wrappers.obj</name>
      </input_file>
      <input_file id="fl-14">
         <path>.\Testboard_HAL_drivers\source\</path>
         <kind>object</kind>
         <file>os_port.obj</file>
         <name>os_port.obj</name>
      </input_file>
      <input_file id="fl-15">
         <path>.\Testboard_HAL_drivers\source\</path>
         <kind>object</kind>
         <file>os_portasm.obj</file>
         <name>os_portasm.obj</name>
      </input_file>
      <input_file id="fl-16">
         <path>.\Testboard_HAL_drivers\source\</path>
         <kind>object</kind>
         <file>os_queue.obj</file>
         <name>os_queue.obj</name>
      </input_file>
      <input_file id="fl-17">
         <path>.\Testboard_HAL_drivers\source\</path>
         <kind>object</kind>
         <file>os_tasks.obj</file>
         <name>os_tasks.obj</name>
      </input_file>
      <input_file id="fl-18">
         <path>.\Testboard_HAL_drivers\source\</path>
         <kind>object</kind>
         <file>os_timer.obj</file>
         <name>os_timer.obj</name>
      </input_file>
      <input_file id="fl-19">
         <path>.\Testboard_HAL_drivers\source\</path>
         <kind>object</kind>
         <file>pinmux.obj</file>
         <name>pinmux.obj</name>
      </input_file>
      <input_file id="fl-1a">
         <path>.\Testboard_HAL_drivers\source\</path>
         <kind>object</kind>
         <file>rti.obj</file>
         <name>rti.obj</name>
      </input_file>
      <input_file id="fl-1b">
         <path>.\Testboard_HAL_drivers\source\</path>
         <kind>object</kind>
         <file>sci.obj</file>
         <name>sci.obj</name>
      </input_file>
      <input_file id="fl-1c">
         <path>.\Testboard_HAL_drivers\source\</path>
         <kind>object</kind>
         <file>sys_core.obj</file>
         <name>sys_core.obj</name>
      </input_file>
      <input_file id="fl-1d">
         <path>.\Testboard_HAL_drivers\source\</path>
         <kind>object</kind>
         <file>sys_dma.obj</file>
         <name>sys_dma.obj</name>
      </input_file>
      <input_file id="fl-1e">
         <path>.\Testboard_HAL_drivers\source\</path>
         <kind>object</kind>
         <file>sys_intvecs.obj</file>
         <name>sys_intvecs.obj</name>
      </input_file>
      <input_file id="fl-1f">
         <path>.\Testboard_HAL_drivers\source\</path>
         <kind>object</kind>
         <file>sys_mpu.obj</file>
         <name>sys_mpu.obj</name>
      </input_file>
      <input_file id="fl-20">
         <path>.\Testboard_HAL_drivers\source\</path>
         <kind>object</kind>
         <file>sys_pcr.obj</file>
         <name>sys_pcr.obj</name>
      </input_file>
      <input_file id="fl-21">
         <path>.\Testboard_HAL_drivers\source\</path>
         <kind>object</kind>
         <file>sys_phantom.obj</file>
         <name>sys_phantom.obj</name>
      </input_file>
      <input_file id="fl-22">
         <path>.\Testboard_HAL_drivers\source\</path>
         <kind>object</kind>
         <file>sys_pmm.obj</file>
         <name>sys_pmm.obj</name>
      </input_file>
      <input_file id="fl-23">
         <path>.\Testboard_HAL_drivers\source\</path>
         <kind>object</kind>
         <file>sys_pmu.obj</file>
         <name>sys_pmu.obj</name>
      </input_file>
      <input_file id="fl-24">
         <path>.\Testboard_HAL_drivers\source\</path>
         <kind>object</kind>
         <file>sys_selftest.obj</file>
         <name>sys_selftest.obj</name>
      </input_file>
      <input_file id="fl-25">
         <path>.\Testboard_HAL_drivers\source\</path>
         <kind>object</kind>
         <file>sys_startup.obj</file>
         <name>sys_startup.obj</name>
      </input_file>
      <input_file id="fl-26">
         <path>.\Testboard_HAL_drivers\source\</path>
         <kind>object</kind>
         <file>sys_vim.obj</file>
         <name>sys_vim.obj</name>
      </input_file>
      <input_file id="fl-27">
         <path>.\Testboard_HAL_drivers\source\</path>
         <kind>object</kind>
         <file>system.obj</file>
         <name>system.obj</name>
      </input_file>
      <input_file id="fl-28">
         <path>.\phantom_drivers\bms\source\</path>
         <kind>object</kind>
         <file>bms_slaves.obj</file>
         <name>bms_slaves.obj</name>
      </input_file>
      <input_file id="fl-29">
         <path>.\phantom_drivers\bms\source\</path>
         <kind>object</kind>
         <file>communications.obj</file>
         <name>communications.obj</name>
      </input_file>
      <input_file id="fl-2a">
         <path>.\phantom_drivers\bms\source\</path>
         <kind>object</kind>
         <file>thermistor_expansion.obj</file>
         <name>thermistor_expansion.obj</name>
      </input_file>
      <input_file id="fl-2b">
         <path>.\phantom_drivers\common\source\</path>
         <kind>object</kind>
         <file>MCP48FV_DAC_SPI.obj</file>
         <name>MCP48FV_DAC_SPI.obj</name>
      </input_file>
      <input_file id="fl-2c">
         <path>.\phantom_drivers\common\source\</path>
         <kind>object</kind>
         <file>Phantom_sci.obj</file>
         <name>Phantom_sci.obj</name>
      </input_file>
      <input_file id="fl-2d">
         <path>.\phantom_drivers\common\source\</path>
         <kind>object</kind>
         <file>common.obj</file>
         <name>common.obj</name>
      </input_file>
      <input_file id="fl-2e">
         <path>.\phantom_drivers\common\source\</path>
         <kind>object</kind>
         <file>serialComms.obj</file>
         <name>serialComms.obj</name>
      </input_file>
      <input_file id="fl-2f">
         <path>.\phantom_drivers\common\source\</path>
         <kind>object</kind>
         <file>shutdown.obj</file>
         <name>shutdown.obj</name>
      </input_file>
      <input_file id="fl-30">
         <path>.\phantom_drivers\common\source\</path>
         <kind>object</kind>
         <file>timer.obj</file>
         <name>timer.obj</name>
      </input_file>
      <input_file id="fl-31">
         <path>.\phantom_drivers\common\source\</path>
         <kind>object</kind>
         <file>validation.obj</file>
         <name>validation.obj</name>
      </input_file>
      <input_file id="fl-32">
         <path>.\phantom_drivers\vcu\source\</path>
         <kind>object</kind>
         <file>apps.obj</file>
         <name>apps.obj</name>
      </input_file>
      <input_file id="fl-33">
         <path>.\phantom_drivers\vcu\source\</path>
         <kind>object</kind>
         <file>bse.obj</file>
         <name>bse.obj</name>
      </input_file>
      <input_file id="fl-34">
         <path>.\phantom_drivers\vcu\source\</path>
         <kind>object</kind>
         <file>gpio_tests.obj</file>
         <name>gpio_tests.obj</name>
      </input_file>
      <input_file id="fl-35">
         <path>.\phantom_drivers\vcu\source\</path>
         <kind>object</kind>
         <file>hv_current_sensor.obj</file>
         <name>hv_current_sensor.obj</name>
      </input_file>
      <input_file id="fl-36">
         <path>.\phantom_drivers\vcu\source\</path>
         <kind>object</kind>
         <file>hv_voltage_sensor.obj</file>
         <name>hv_voltage_sensor.obj</name>
      </input_file>
      <input_file id="fl-37">
         <path>.\phantom_drivers\vcu\source\</path>
         <kind>object</kind>
         <file>imd.obj</file>
         <name>imd.obj</name>
      </input_file>
      <input_file id="fl-38">
         <path>.\phantom_drivers\vcu\source\</path>
         <kind>object</kind>
         <file>inverter.obj</file>
         <name>inverter.obj</name>
      </input_file>
      <input_file id="fl-39">
         <path>.\phantom_drivers\vcu\source\</path>
         <kind>object</kind>
         <file>lv_sensor.obj</file>
         <name>lv_sensor.obj</name>
      </input_file>
      <input_file id="fl-3a">
         <path>.\phantom_drivers\vcu\source\</path>
         <kind>object</kind>
         <file>vcu_peripherals.obj</file>
         <name>vcu_peripherals.obj</name>
      </input_file>
      <input_file id="fl-3b">
         <path>.\third_party\tiny-json\</path>
         <kind>object</kind>
         <file>tiny-json.obj</file>
         <name>tiny-json.obj</name>
      </input_file>
      <input_file id="fl-3f">
         <kind>object</kind>
         <file>&lt;internal&gt;</file>
         <name>&lt;internal&gt;</name>
      </input_file>
      <input_file id="fl-f5">
         <path>C:\ti\ccs930\ccs\tools\compiler\ti-cgt-arm_18.12.4.LTS\lib\</path>
         <kind>archive</kind>
         <file>rtsv7R4_A_le_v3D16_eabi.lib</file>
         <name>s_floor.c.obj</name>
      </input_file>
      <input_file id="fl-f6">
         <path>C:\ti\ccs930\ccs\tools\compiler\ti-cgt-arm_18.12.4.LTS\lib\</path>
         <kind>archive</kind>
         <file>rtsv7R4_A_le_v3D16_eabi.lib</file>
         <name>vsnprintf.c.obj</name>
      </input_file>
      <input_file id="fl-f7">
         <path>C:\ti\ccs930\ccs\tools\compiler\ti-cgt-arm_18.12.4.LTS\lib\</path>
         <kind>archive</kind>
         <file>rtsv7R4_A_le_v3D16_eabi.lib</file>
         <name>memset32.asm.obj</name>
      </input_file>
      <input_file id="fl-f8">
         <path>C:\ti\ccs930\ccs\tools\compiler\ti-cgt-arm_18.12.4.LTS\lib\</path>
         <kind>archive</kind>
         <file>rtsv7R4_A_le_v3D16_eabi.lib</file>
         <name>i_div32.asm.obj</name>
      </input_file>
      <input_file id="fl-f9">
         <path>C:\ti\ccs930\ccs\tools\compiler\ti-cgt-arm_18.12.4.LTS\lib\</path>
         <kind>archive</kind>
         <file>rtsv7R4_A_le_v3D16_eabi.lib</file>
         <name>u_div32.asm.obj</name>
      </input_file>
      <input_file id="fl-fa">
         <path>C:\ti\ccs930\ccs\tools\compiler\ti-cgt-arm_18.12.4.LTS\lib\</path>
         <kind>archive</kind>
         <file>rtsv7R4_A_le_v3D16_eabi.lib</file>
         <name>memcpy32.asm.obj</name>
      </input_file>
      <input_file id="fl-fb">
         <path>C:\ti\ccs930\ccs\tools\compiler\ti-cgt-arm_18.12.4.LTS\lib\</path>
         <kind>archive</kind>
         <file>rtsv7R4_A_le_v3D16_eabi.lib</file>
         <name>autoinit.c.obj</name>
      </input_file>
      <input_file id="fl-fc">
         <path>C:\ti\ccs930\ccs\tools\compiler\ti-cgt-arm_18.12.4.LTS\lib\</path>
         <kind>archive</kind>
         <file>rtsv7R4_A_le_v3D16_eabi.lib</file>
         <name>cpy_tbl.c.obj</name>
      </input_file>
      <input_file id="fl-fd">
         <path>C:\ti\ccs930\ccs\tools\compiler\ti-cgt-arm_18.12.4.LTS\lib\</path>
         <kind>archive</kind>
         <file>rtsv7R4_A_le_v3D16_eabi.lib</file>
         <name>copy_zero_init.c.obj</name>
      </input_file>
      <input_file id="fl-fe">
         <path>C:\ti\ccs930\ccs\tools\compiler\ti-cgt-arm_18.12.4.LTS\lib\</path>
         <kind>archive</kind>
         <file>rtsv7R4_A_le_v3D16_eabi.lib</file>
         <name>copy_decompress_none.c.obj</name>
      </input_file>
      <input_file id="fl-ff">
         <path>C:\ti\ccs930\ccs\tools\compiler\ti-cgt-arm_18.12.4.LTS\lib\</path>
         <kind>archive</kind>
         <file>rtsv7R4_A_le_v3D16_eabi.lib</file>
         <name>copy_decompress_lzss.c.obj</name>
      </input_file>
      <input_file id="fl-100">
         <path>C:\ti\ccs930\ccs\tools\compiler\ti-cgt-arm_18.12.4.LTS\lib\</path>
         <kind>archive</kind>
         <file>rtsv7R4_A_le_v3D16_eabi.lib</file>
         <name>exit.c.obj</name>
      </input_file>
      <input_file id="fl-101">
         <path>C:\ti\ccs930\ccs\tools\compiler\ti-cgt-arm_18.12.4.LTS\lib\</path>
         <kind>archive</kind>
         <file>rtsv7R4_A_le_v3D16_eabi.lib</file>
         <name>_lock.c.obj</name>
      </input_file>
      <input_file id="fl-102">
         <path>C:\ti\ccs930\ccs\tools\compiler\ti-cgt-arm_18.12.4.LTS\lib\</path>
         <kind>archive</kind>
         <file>rtsv7R4_A_le_v3D16_eabi.lib</file>
         <name>isdigit.c.obj</name>
      </input_file>
      <input_file id="fl-103">
         <path>C:\ti\ccs930\ccs\tools\compiler\ti-cgt-arm_18.12.4.LTS\lib\</path>
         <kind>archive</kind>
         <file>rtsv7R4_A_le_v3D16_eabi.lib</file>
         <name>isxdigit.c.obj</name>
      </input_file>
      <input_file id="fl-104">
         <path>C:\ti\ccs930\ccs\tools\compiler\ti-cgt-arm_18.12.4.LTS\lib\</path>
         <kind>archive</kind>
         <file>rtsv7R4_A_le_v3D16_eabi.lib</file>
         <name>strcmp.c.obj</name>
      </input_file>
      <input_file id="fl-105">
         <path>C:\ti\ccs930\ccs\tools\compiler\ti-cgt-arm_18.12.4.LTS\lib\</path>
         <kind>archive</kind>
         <file>rtsv7R4_A_le_v3D16_eabi.lib</file>
         <name>strlen.c.obj</name>
      </input_file>
      <input_file id="fl-106">
         <path>C:\ti\ccs930\ccs\tools\compiler\ti-cgt-arm_18.12.4.LTS\lib\</path>
         <kind>archive</kind>
         <file>rtsv7R4_A_le_v3D16_eabi.lib</file>
         <name>_printfi.c.obj</name>
      </input_file>
      <input_file id="fl-107">
         <path>C:\ti\ccs930\ccs\tools\compiler\ti-cgt-arm_18.12.4.LTS\lib\</path>
         <kind>archive</kind>
         <file>rtsv7R4_A_le_v3D16_eabi.lib</file>
         <name>div0.asm.obj</name>
      </input_file>
      <input_file id="fl-108">
         <path>C:\ti\ccs930\ccs\tools\compiler\ti-cgt-arm_18.12.4.LTS\lib\</path>
         <kind>archive</kind>
         <file>rtsv7R4_A_le_v3D16_eabi.lib</file>
         <name>ull_div32.asm.obj</name>
      </input_file>
      <input_file id="fl-109">
         <path>C:\ti\ccs930\ccs\tools\compiler\ti-cgt-arm_18.12.4.LTS\lib\</path>
         <kind>archive</kind>
         <file>rtsv7R4_A_le_v3D16_eabi.lib</file>
         <name>atoi.c.obj</name>
      </input_file>
      <input_file id="fl-10a">
         <path>C:\ti\ccs930\ccs\tools\compiler\ti-cgt-arm_18.12.4.LTS\lib\</path>
         <kind>archive</kind>
         <file>rtsv7R4_A_le_v3D16_eabi.lib</file>
         <name>ctype.c.obj</name>
      </input_file>
      <input_file id="fl-10b">
         <path>C:\ti\ccs930\ccs\tools\compiler\ti-cgt-arm_18.12.4.LTS\lib\</path>
         <kind>archive</kind>
         <file>rtsv7R4_A_le_v3D16_eabi.lib</file>
         <name>ltoa.c.obj</name>
      </input_file>
      <input_file id="fl-10c">
         <path>C:\ti\ccs930\ccs\tools\compiler\ti-cgt-arm_18.12.4.LTS\lib\</path>
         <kind>archive</kind>
         <file>rtsv7R4_A_le_v3D16_eabi.lib</file>
         <name>memccpy.c.obj</name>
      </input_file>
      <input_file id="fl-10d">
         <path>C:\ti\ccs930\ccs\tools\compiler\ti-cgt-arm_18.12.4.LTS\lib\</path>
         <kind>archive</kind>
         <file>rtsv7R4_A_le_v3D16_eabi.lib</file>
         <name>strchr.c.obj</name>
      </input_file>
      <input_file id="fl-10e">
         <path>C:\ti\ccs930\ccs\tools\compiler\ti-cgt-arm_18.12.4.LTS\lib\</path>
         <kind>archive</kind>
         <file>rtsv7R4_A_le_v3D16_eabi.lib</file>
         <name>errno.c.obj</name>
      </input_file>
      <input_file id="fl-10f">
         <path>C:\ti\ccs930\ccs\tools\compiler\ti-cgt-arm_18.12.4.LTS\lib\</path>
         <kind>archive</kind>
         <file>rtsv7R4_A_le_v3D16_eabi.lib</file>
         <name>wcslen.c.obj</name>
      </input_file>
      <input_file id="fl-110">
         <path>C:\ti\ccs930\ccs\tools\compiler\ti-cgt-arm_18.12.4.LTS\lib\</path>
         <kind>archive</kind>
         <file>rtsv7R4_A_le_v3D16_eabi.lib</file>
         <name>s_frexp.c.obj</name>
      </input_file>
      <input_file id="fl-111">
         <path>C:\ti\ccs930\ccs\tools\compiler\ti-cgt-arm_18.12.4.LTS\lib\</path>
         <kind>archive</kind>
         <file>rtsv7R4_A_le_v3D16_eabi.lib</file>
         <name>s_scalbn.c.obj</name>
      </input_file>
      <input_file id="fl-112">
         <path>C:\ti\ccs930\ccs\tools\compiler\ti-cgt-arm_18.12.4.LTS\lib\</path>
         <kind>archive</kind>
         <file>rtsv7R4_A_le_v3D16_eabi.lib</file>
         <name>s_copysign.c.obj</name>
      </input_file>
   </input_file_list>
   <object_component_list>
      <object_component id="oc-40">
         <name>.intvecs</name>
         <load_address>0x0</load_address>
         <run_address>0x0</run_address>
         <size>0x20</size>
         <input_file_ref idref="fl-1e"/>
      </object_component>
      <object_component id="oc-91">
         <name>.text</name>
         <load_address>0x20</load_address>
         <run_address>0x20</run_address>
         <size>0x2cdc</size>
         <input_file_ref idref="fl-24"/>
      </object_component>
      <object_component id="oc-2b6">
         <name>.text</name>
         <load_address>0x2cfc</load_address>
         <run_address>0x2cfc</run_address>
         <size>0xfb0</size>
         <input_file_ref idref="fl-d"/>
      </object_component>
      <object_component id="oc-353">
         <name>.text:__TI_printfi</name>
         <load_address>0x3cac</load_address>
         <run_address>0x3cac</run_address>
         <size>0xfac</size>
         <input_file_ref idref="fl-106"/>
      </object_component>
      <object_component id="oc-8b">
         <name>.text</name>
         <load_address>0x4c58</load_address>
         <run_address>0x4c58</run_address>
         <size>0xb64</size>
         <input_file_ref idref="fl-27"/>
      </object_component>
      <object_component id="oc-197">
         <name>.text</name>
         <load_address>0x57bc</load_address>
         <run_address>0x57bc</run_address>
         <size>0xaec</size>
         <input_file_ref idref="fl-3"/>
      </object_component>
      <object_component id="oc-4c">
         <name>.text</name>
         <load_address>0x62a8</load_address>
         <run_address>0x62a8</run_address>
         <size>0xa58</size>
         <input_file_ref idref="fl-26"/>
      </object_component>
      <object_component id="oc-15b">
         <name>.text</name>
         <load_address>0x6d00</load_address>
         <run_address>0x6d00</run_address>
         <size>0xa2c</size>
         <input_file_ref idref="fl-1b"/>
      </object_component>
      <object_component id="oc-1ec">
         <name>.text</name>
         <load_address>0x772c</load_address>
         <run_address>0x772c</run_address>
         <size>0x8f0</size>
         <input_file_ref idref="fl-c"/>
      </object_component>
      <object_component id="oc-103">
         <name>.text</name>
         <load_address>0x801c</load_address>
         <run_address>0x801c</run_address>
         <size>0x8b8</size>
         <input_file_ref idref="fl-19"/>
      </object_component>
      <object_component id="oc-bd">
         <name>.text</name>
         <load_address>0x88d4</load_address>
         <run_address>0x88d4</run_address>
         <size>0x6fc</size>
         <input_file_ref idref="fl-30"/>
      </object_component>
      <object_component id="oc-7f">
         <name>.text</name>
         <load_address>0x8fd0</load_address>
         <run_address>0x8fd0</run_address>
         <size>0x664</size>
         <input_file_ref idref="fl-8"/>
      </object_component>
      <object_component id="oc-18b">
         <name>.text</name>
         <load_address>0x9634</load_address>
         <run_address>0x9634</run_address>
         <size>0x658</size>
         <input_file_ref idref="fl-36"/>
      </object_component>
      <object_component id="oc-1fc">
         <name>.text</name>
         <load_address>0x9c8c</load_address>
         <run_address>0x9c8c</run_address>
         <size>0x638</size>
         <input_file_ref idref="fl-1a"/>
      </object_component>
      <object_component id="oc-179">
         <name>.text</name>
         <load_address>0xa2c4</load_address>
         <run_address>0xa2c4</run_address>
         <size>0x620</size>
         <input_file_ref idref="fl-32"/>
      </object_component>
      <object_component id="oc-161">
         <name>.text</name>
         <load_address>0xa8e4</load_address>
         <run_address>0xa8e4</run_address>
         <size>0x5f4</size>
         <input_file_ref idref="fl-28"/>
      </object_component>
      <object_component id="oc-97">
         <name>.text</name>
         <load_address>0xaed8</load_address>
         <run_address>0xaed8</run_address>
         <size>0x5bc</size>
         <input_file_ref idref="fl-9"/>
      </object_component>
      <object_component id="oc-17f">
         <name>.text</name>
         <load_address>0xb494</load_address>
         <run_address>0xb494</run_address>
         <size>0x484</size>
         <input_file_ref idref="fl-b"/>
      </object_component>
      <object_component id="oc-b6">
         <name>.text</name>
         <load_address>0xb918</load_address>
         <run_address>0xb918</run_address>
         <size>0x428</size>
         <input_file_ref idref="fl-2f"/>
      </object_component>
      <object_component id="oc-9e">
         <name>.text</name>
         <load_address>0xbd40</load_address>
         <run_address>0xbd40</run_address>
         <size>0x3c0</size>
         <input_file_ref idref="fl-2"/>
      </object_component>
      <object_component id="oc-7a">
         <name>.text</name>
         <load_address>0xc100</load_address>
         <run_address>0xc100</run_address>
         <size>0x34c</size>
         <input_file_ref idref="fl-1c"/>
      </object_component>
      <object_component id="oc-191">
         <name>.text</name>
         <load_address>0xc44c</load_address>
         <run_address>0xc44c</run_address>
         <size>0x310</size>
         <input_file_ref idref="fl-2b"/>
      </object_component>
      <object_component id="oc-409">
         <name>.text:_pconv_a</name>
         <load_address>0xc75c</load_address>
         <run_address>0xc75c</run_address>
         <size>0x2dc</size>
         <input_file_ref idref="fl-106"/>
      </object_component>
      <object_component id="oc-4b">
         <name>.text:retain</name>
         <load_address>0xca38</load_address>
         <run_address>0xca38</run_address>
         <size>0x2cc</size>
         <input_file_ref idref="fl-26"/>
      </object_component>
      <object_component id="oc-45a">
         <name>.text</name>
         <load_address>0xcd04</load_address>
         <run_address>0xcd04</run_address>
         <size>0x2b8</size>
         <input_file_ref idref="fl-108"/>
      </object_component>
      <object_component id="oc-19">
         <name>.text:retain</name>
         <load_address>0xcfbc</load_address>
         <run_address>0xcfbc</run_address>
         <size>0x290</size>
         <input_file_ref idref="fl-25"/>
      </object_component>
      <object_component id="oc-3f7">
         <name>.text:_pconv_g</name>
         <load_address>0xd24c</load_address>
         <run_address>0xd24c</run_address>
         <size>0x248</size>
         <input_file_ref idref="fl-106"/>
      </object_component>
      <object_component id="oc-3a">
         <name>.text:retain</name>
         <load_address>0xd494</load_address>
         <run_address>0xd494</run_address>
         <size>0x204</size>
         <input_file_ref idref="fl-1b"/>
      </object_component>
      <object_component id="oc-173">
         <name>.text</name>
         <load_address>0xd698</load_address>
         <run_address>0xd698</run_address>
         <size>0x1c8</size>
         <input_file_ref idref="fl-33"/>
      </object_component>
      <object_component id="oc-62">
         <name>.text</name>
         <load_address>0xd860</load_address>
         <run_address>0xd860</run_address>
         <size>0x180</size>
         <input_file_ref idref="fl-fa"/>
      </object_component>
      <object_component id="oc-14f">
         <name>.text</name>
         <load_address>0xd9e0</load_address>
         <run_address>0xd9e0</run_address>
         <size>0x170</size>
         <input_file_ref idref="fl-31"/>
      </object_component>
      <object_component id="oc-403">
         <name>.text:_pconv_e</name>
         <load_address>0xdb50</load_address>
         <run_address>0xdb50</run_address>
         <size>0x15c</size>
         <input_file_ref idref="fl-106"/>
      </object_component>
      <object_component id="oc-2e">
         <name>.text:retain</name>
         <load_address>0xdcac</load_address>
         <run_address>0xdcac</run_address>
         <size>0x15c</size>
         <input_file_ref idref="fl-c"/>
      </object_component>
      <object_component id="oc-473">
         <name>.text:fcvt</name>
         <load_address>0xde08</load_address>
         <run_address>0xde08</run_address>
         <size>0x144</size>
         <input_file_ref idref="fl-106"/>
      </object_component>
      <object_component id="oc-296">
         <name>.text:floor</name>
         <load_address>0xdf4c</load_address>
         <run_address>0xdf4c</run_address>
         <size>0x134</size>
         <input_file_ref idref="fl-f5"/>
      </object_component>
      <object_component id="oc-185">
         <name>.text</name>
         <load_address>0xe080</load_address>
         <run_address>0xe080</run_address>
         <size>0x12c</size>
         <input_file_ref idref="fl-34"/>
      </object_component>
      <object_component id="oc-a6">
         <name>.text</name>
         <load_address>0xe1ac</load_address>
         <run_address>0xe1ac</run_address>
         <size>0x120</size>
         <input_file_ref idref="fl-e"/>
      </object_component>
      <object_component id="oc-487">
         <name>.text:scalbn</name>
         <load_address>0xe2cc</load_address>
         <run_address>0xe2cc</run_address>
         <size>0x11c</size>
         <input_file_ref idref="fl-111"/>
      </object_component>
      <object_component id="oc-1f">
         <name>.text:retain</name>
         <load_address>0xe3e8</load_address>
         <run_address>0xe3e8</run_address>
         <size>0x114</size>
         <input_file_ref idref="fl-9"/>
      </object_component>
      <object_component id="oc-3f1">
         <name>.text:_ltostr</name>
         <load_address>0xe4fc</load_address>
         <run_address>0xe4fc</run_address>
         <size>0x10d</size>
         <input_file_ref idref="fl-106"/>
      </object_component>
      <object_component id="oc-c8">
         <name>.text</name>
         <load_address>0xe60c</load_address>
         <run_address>0xe60c</run_address>
         <size>0xe8</size>
         <input_file_ref idref="fl-5"/>
      </object_component>
      <object_component id="oc-10b">
         <name>.text</name>
         <load_address>0xe6f4</load_address>
         <run_address>0xe6f4</run_address>
         <size>0xe0</size>
         <input_file_ref idref="fl-23"/>
      </object_component>
      <object_component id="oc-149">
         <name>.text</name>
         <load_address>0xe7d4</load_address>
         <run_address>0xe7d4</run_address>
         <size>0xd4</size>
         <input_file_ref idref="fl-2c"/>
      </object_component>
      <object_component id="oc-46c">
         <name>.text:_mcpy</name>
         <load_address>0xe8a8</load_address>
         <run_address>0xe8a8</run_address>
         <size>0xc8</size>
         <input_file_ref idref="fl-106"/>
      </object_component>
      <object_component id="oc-2a9">
         <name>.text</name>
         <load_address>0xe970</load_address>
         <run_address>0xe970</run_address>
         <size>0xc8</size>
         <input_file_ref idref="fl-3a"/>
      </object_component>
      <object_component id="oc-287">
         <name>.text</name>
         <load_address>0xea38</load_address>
         <run_address>0xea38</run_address>
         <size>0xbc</size>
         <input_file_ref idref="fl-38"/>
      </object_component>
      <object_component id="oc-f5">
         <name>.text</name>
         <load_address>0xeaf4</load_address>
         <run_address>0xeaf4</run_address>
         <size>0xb0</size>
         <input_file_ref idref="fl-f7"/>
      </object_component>
      <object_component id="oc-28">
         <name>.text:retain</name>
         <load_address>0xeba4</load_address>
         <run_address>0xeba4</run_address>
         <size>0x98</size>
         <input_file_ref idref="fl-b"/>
      </object_component>
      <object_component id="oc-466">
         <name>.text:_ecpy</name>
         <load_address>0xec3c</load_address>
         <run_address>0xec3c</run_address>
         <size>0x94</size>
         <input_file_ref idref="fl-106"/>
      </object_component>
      <object_component id="oc-c">
         <name>.text:decompress:lzss:__TI_decompress_lzss</name>
         <load_address>0xecd0</load_address>
         <run_address>0xecd0</run_address>
         <size>0x90</size>
         <input_file_ref idref="fl-ff"/>
      </object_component>
      <object_component id="oc-481">
         <name>.text:frexp</name>
         <load_address>0xed60</load_address>
         <run_address>0xed60</run_address>
         <size>0x8c</size>
         <input_file_ref idref="fl-110"/>
      </object_component>
      <object_component id="oc-3eb">
         <name>.text:atoi</name>
         <load_address>0xedec</load_address>
         <run_address>0xedec</run_address>
         <size>0x84</size>
         <input_file_ref idref="fl-109"/>
      </object_component>
      <object_component id="oc-460">
         <name>.text:ltoa</name>
         <load_address>0xee70</load_address>
         <run_address>0xee70</run_address>
         <size>0x80</size>
         <input_file_ref idref="fl-10b"/>
      </object_component>
      <object_component id="oc-3fd">
         <name>.text:_pconv_f</name>
         <load_address>0xeef0</load_address>
         <run_address>0xeef0</run_address>
         <size>0x74</size>
         <input_file_ref idref="fl-106"/>
      </object_component>
      <object_component id="oc-119">
         <name>.text:__TI_auto_init_nobinit_nopinit:__TI_auto_init_nobinit_nopinit</name>
         <load_address>0xef64</load_address>
         <run_address>0xef64</run_address>
         <size>0x68</size>
         <input_file_ref idref="fl-fb"/>
      </object_component>
      <object_component id="oc-27a">
         <name>.text:vsnprintf</name>
         <load_address>0xefcc</load_address>
         <run_address>0xefcc</run_address>
         <size>0x68</size>
         <input_file_ref idref="fl-f6"/>
      </object_component>
      <object_component id="oc-479">
         <name>.text:_fcpy</name>
         <load_address>0xf034</load_address>
         <run_address>0xf034</run_address>
         <size>0x64</size>
         <input_file_ref idref="fl-106"/>
      </object_component>
      <object_component id="oc-359">
         <name>.text:_outs</name>
         <load_address>0xf098</load_address>
         <run_address>0xf098</run_address>
         <size>0x5c</size>
         <input_file_ref idref="fl-f6"/>
      </object_component>
      <object_component id="oc-167">
         <name>.text</name>
         <load_address>0xf0f4</load_address>
         <run_address>0xf0f4</run_address>
         <size>0x58</size>
         <input_file_ref idref="fl-2a"/>
      </object_component>
      <object_component id="oc-16d">
         <name>.text</name>
         <load_address>0xf14c</load_address>
         <run_address>0xf14c</run_address>
         <size>0x54</size>
         <input_file_ref idref="fl-29"/>
      </object_component>
      <object_component id="oc-2a3">
         <name>.text</name>
         <load_address>0xf1a0</load_address>
         <run_address>0xf1a0</run_address>
         <size>0x54</size>
         <input_file_ref idref="fl-f8"/>
      </object_component>
      <object_component id="oc-1f7">
         <name>.text</name>
         <load_address>0xf1f4</load_address>
         <run_address>0xf1f4</run_address>
         <size>0x50</size>
         <input_file_ref idref="fl-f9"/>
      </object_component>
      <object_component id="oc-34">
         <name>.text:retain</name>
         <load_address>0xf244</load_address>
         <run_address>0xf244</run_address>
         <size>0x4c</size>
         <input_file_ref idref="fl-1a"/>
      </object_component>
      <object_component id="oc-155">
         <name>.text</name>
         <load_address>0xf290</load_address>
         <run_address>0xf290</run_address>
         <size>0x48</size>
         <input_file_ref idref="fl-2d"/>
      </object_component>
      <object_component id="oc-35f">
         <name>.text:_outc</name>
         <load_address>0xf2d8</load_address>
         <run_address>0xf2d8</run_address>
         <size>0x2c</size>
         <input_file_ref idref="fl-f6"/>
      </object_component>
      <object_component id="oc-40f">
         <name>.text:memccpy</name>
         <load_address>0xf304</load_address>
         <run_address>0xf304</run_address>
         <size>0x2c</size>
         <input_file_ref idref="fl-10c"/>
      </object_component>
      <object_component id="oc-4c5">
         <name>.text:copysign</name>
         <load_address>0xf330</load_address>
         <run_address>0xf330</run_address>
         <size>0x28</size>
         <input_file_ref idref="fl-112"/>
      </object_component>
      <object_component id="oc-6e">
         <name>.text:decompress:ZI:__TI_zero_init_nomemset:__TI_zero_init_nomemset</name>
         <load_address>0xf358</load_address>
         <run_address>0xf358</run_address>
         <size>0x28</size>
         <input_file_ref idref="fl-fd"/>
      </object_component>
      <object_component id="oc-48d">
         <name>.text:strchr</name>
         <load_address>0xf380</load_address>
         <run_address>0xf380</run_address>
         <size>0x28</size>
         <input_file_ref idref="fl-10d"/>
      </object_component>
      <object_component id="oc-415">
         <name>.text:wcslen</name>
         <load_address>0xf3a8</load_address>
         <run_address>0xf3a8</run_address>
         <size>0x24</size>
         <input_file_ref idref="fl-10f"/>
      </object_component>
      <object_component id="oc-274">
         <name>.text:strlen</name>
         <load_address>0xf3cc</load_address>
         <run_address>0xf3cc</run_address>
         <size>0x20</size>
         <input_file_ref idref="fl-105"/>
      </object_component>
      <object_component id="oc-12">
         <name>.text:decompress:none:__TI_decompress_none</name>
         <load_address>0xf3ec</load_address>
         <run_address>0xf3ec</run_address>
         <size>0x14</size>
         <input_file_ref idref="fl-fe"/>
      </object_component>
      <object_component id="oc-41b">
         <name>.text:__aeabi_errno_addr</name>
         <load_address>0xf400</load_address>
         <run_address>0xf400</run_address>
         <size>0xc</size>
         <input_file_ref idref="fl-10e"/>
      </object_component>
      <object_component id="oc-1aa">
         <name>.text:abort:abort</name>
         <load_address>0xf40c</load_address>
         <run_address>0xf40c</run_address>
         <size>0x8</size>
         <input_file_ref idref="fl-100"/>
      </object_component>
      <object_component id="oc-45">
         <name>.text:retain</name>
         <load_address>0xf414</load_address>
         <run_address>0xf414</run_address>
         <size>0x4</size>
         <input_file_ref idref="fl-21"/>
      </object_component>
      <object_component id="oc-316">
         <name>.text</name>
         <load_address>0xf418</load_address>
         <run_address>0xf418</run_address>
         <size>0x4</size>
         <input_file_ref idref="fl-107"/>
      </object_component>
      <object_component id="oc-85">
         <name>.text</name>
         <load_address>0xf41c</load_address>
         <run_address>0xf41c</run_address>
         <size>0x4</size>
         <input_file_ref idref="fl-25"/>
      </object_component>
      <object_component id="oc-2fd">
         <name>.const:het1PROGRAM</name>
         <load_address>0xf420</load_address>
         <run_address>0xf420</run_address>
         <size>0x3a0</size>
         <input_file_ref idref="fl-c"/>
      </object_component>
      <object_component id="oc-25">
         <name>.const:s_vim_init</name>
         <load_address>0xf7c0</load_address>
         <run_address>0xf7c0</run_address>
         <size>0x200</size>
         <input_file_ref idref="fl-26"/>
      </object_component>
      <object_component id="oc-455">
         <name>.const:.string:_ctypes_</name>
         <load_address>0xf9c0</load_address>
         <run_address>0xf9c0</run_address>
         <size>0x101</size>
         <input_file_ref idref="fl-10a"/>
      </object_component>
      <object_component id="oc-28d">
         <name>.const:APPS_RESULTS_LUT</name>
         <load_address>0xfac4</load_address>
         <run_address>0xfac4</run_address>
         <size>0x38</size>
         <input_file_ref idref="fl-31"/>
      </object_component>
      <object_component id="oc-290">
         <name>.const:BSE_RESULTS_LUT</name>
         <load_address>0xfafc</load_address>
         <run_address>0xfafc</run_address>
         <size>0x30</size>
         <input_file_ref idref="fl-31"/>
      </object_component>
      <object_component id="oc-300">
         <name>.const:s_het1pwmPolarity</name>
         <load_address>0xfb2c</load_address>
         <run_address>0xfb2c</run_address>
         <size>0x20</size>
         <input_file_ref idref="fl-c"/>
      </object_component>
      <object_component id="oc-2c5">
         <name>.const:s_adcFiFoSize</name>
         <load_address>0xfb4c</load_address>
         <run_address>0xfb4c</run_address>
         <size>0x18</size>
         <input_file_ref idref="fl-3"/>
      </object_component>
      <object_component id="oc-2c8">
         <name>.const:s_adcSelect</name>
         <load_address>0xfb64</load_address>
         <run_address>0xfb64</run_address>
         <size>0x18</size>
         <input_file_ref idref="fl-3"/>
      </object_component>
      <object_component id="oc-516">
         <name>.cinit..data.load</name>
         <load_address>0xfb80</load_address>
         <run_address>0xfb80</run_address>
         <size>0x14</size>
      </object_component>
      <object_component id="oc-513">
         <name>__TI_handler_table</name>
         <load_address>0xfb94</load_address>
         <run_address>0xfb94</run_address>
         <size>0xc</size>
      </object_component>
      <object_component id="oc-515">
         <name>.cinit..bss.load</name>
         <load_address>0xfba0</load_address>
         <run_address>0xfba0</run_address>
         <size>0x8</size>
      </object_component>
      <object_component id="oc-514">
         <name>__TI_cinit_table</name>
         <load_address>0xfba8</load_address>
         <run_address>0xfba8</run_address>
         <size>0x10</size>
      </object_component>
      <object_component id="oc-1a0">
         <name>.bss</name>
         <uninitialized>true</uninitialized>
         <run_address>0x800166e</run_address>
         <size>0x1</size>
         <input_file_ref idref="fl-2"/>
      </object_component>
      <object_component id="oc-c4">
         <name>.bss:g_sciTransfer_t</name>
         <uninitialized>true</uninitialized>
         <run_address>0x8001620</run_address>
         <size>0x28</size>
         <input_file_ref idref="fl-1b"/>
      </object_component>
      <object_component id="oc-29d">
         <name>.bss</name>
         <uninitialized>true</uninitialized>
         <run_address>0x8001648</run_address>
         <size>0xc</size>
         <input_file_ref idref="fl-28"/>
      </object_component>
      <object_component id="oc-30a">
         <name>.bss:shutdown</name>
         <uninitialized>true</uninitialized>
         <run_address>0x8001664</run_address>
         <size>0x5</size>
         <input_file_ref idref="fl-2f"/>
      </object_component>
      <object_component id="oc-202">
         <name>.bss:xTimers</name>
         <uninitialized>true</uninitialized>
         <run_address>0x8001500</run_address>
         <size>0x120</size>
         <input_file_ref idref="fl-30"/>
      </object_component>
      <object_component id="oc-431">
         <name>.bss:Inverter_data</name>
         <uninitialized>true</uninitialized>
         <run_address>0x8001654</run_address>
         <size>0x8</size>
         <input_file_ref idref="fl-38"/>
      </object_component>
      <object_component id="oc-376">
         <name>.bss</name>
         <uninitialized>true</uninitialized>
         <run_address>0x800165c</run_address>
         <size>0x8</size>
         <input_file_ref idref="fl-38"/>
      </object_component>
      <object_component id="oc-38d">
         <name>.common:test_data</name>
         <uninitialized>true</uninitialized>
         <run_address>0x8001669</run_address>
         <size>0x3</size>
      </object_component>
      <object_component id="oc-2bc">
         <name>.common:ADC_output</name>
         <uninitialized>true</uninitialized>
         <run_address>0x800166c</run_address>
         <size>0x2</size>
      </object_component>
      <object_component id="oc-19d">
         <name>.data:testBoardState</name>
         <load_address>0x8001670</load_address>
         <run_address>0x8001670</run_address>
         <size>0xd</size>
         <input_file_ref idref="fl-2"/>
      </object_component>
      <object_component id="oc-1f2">
         <name>.data</name>
         <load_address>0x800168c</load_address>
         <run_address>0x800168c</run_address>
         <size>0x4</size>
         <input_file_ref idref="fl-2f"/>
      </object_component>
      <object_component id="oc-2af">
         <name>.data</name>
         <load_address>0x8001680</load_address>
         <run_address>0x8001680</run_address>
         <size>0x4</size>
         <input_file_ref idref="fl-32"/>
      </object_component>
      <object_component id="oc-2bf">
         <name>.data:TX_Data_Slave</name>
         <load_address>0x800167e</load_address>
         <run_address>0x800167e</run_address>
         <size>0x2</size>
         <input_file_ref idref="fl-36"/>
      </object_component>
      <object_component id="oc-373">
         <name>.data</name>
         <load_address>0x8001684</load_address>
         <run_address>0x8001684</run_address>
         <size>0x4</size>
         <input_file_ref idref="fl-38"/>
      </object_component>
      <object_component id="oc-49d">
         <name>.data</name>
         <load_address>0x8001688</load_address>
         <run_address>0x8001688</run_address>
         <size>0x4</size>
         <input_file_ref idref="fl-10e"/>
      </object_component>
      <object_component id="oc-1a9">
         <name>.debug_info</name>
         <load_address>0x0</load_address>
         <run_address>0x0</run_address>
         <size>0x807</size>
         <input_file_ref idref="fl-2"/>
      </object_component>
      <object_component id="oc-19e">
         <name>.debug_info</name>
         <load_address>0x807</load_address>
         <run_address>0x807</run_address>
         <size>0x124</size>
         <input_file_ref idref="fl-2"/>
      </object_component>
      <object_component id="oc-1a1">
         <name>.debug_info</name>
         <load_address>0x92b</load_address>
         <run_address>0x92b</run_address>
         <size>0x10e</size>
         <input_file_ref idref="fl-2"/>
      </object_component>
      <object_component id="oc-9f">
         <name>.debug_info</name>
         <load_address>0xa39</load_address>
         <run_address>0xa39</run_address>
         <size>0x768</size>
         <input_file_ref idref="fl-2"/>
      </object_component>
      <object_component id="oc-2cf">
         <name>.debug_info</name>
         <load_address>0x11a1</load_address>
         <run_address>0x11a1</run_address>
         <size>0x90</size>
         <input_file_ref idref="fl-2"/>
      </object_component>
      <object_component id="oc-2dd">
         <name>.debug_info</name>
         <load_address>0x1231</load_address>
         <run_address>0x1231</run_address>
         <size>0x187</size>
         <input_file_ref idref="fl-2"/>
      </object_component>
      <object_component id="oc-1a4">
         <name>.debug_info</name>
         <load_address>0x13b8</load_address>
         <run_address>0x13b8</run_address>
         <size>0xcf</size>
         <input_file_ref idref="fl-2"/>
      </object_component>
      <object_component id="oc-1c4">
         <name>.debug_info</name>
         <load_address>0x1487</load_address>
         <run_address>0x1487</run_address>
         <size>0x26b</size>
         <input_file_ref idref="fl-2"/>
      </object_component>
      <object_component id="oc-ad">
         <name>.debug_info</name>
         <load_address>0x16f2</load_address>
         <run_address>0x16f2</run_address>
         <size>0x157</size>
         <input_file_ref idref="fl-2"/>
      </object_component>
      <object_component id="oc-229">
         <name>.debug_info</name>
         <load_address>0x1849</load_address>
         <run_address>0x1849</run_address>
         <size>0x4de</size>
         <input_file_ref idref="fl-2"/>
      </object_component>
      <object_component id="oc-2d8">
         <name>.debug_info</name>
         <load_address>0x1d27</load_address>
         <run_address>0x1d27</run_address>
         <size>0x306</size>
         <input_file_ref idref="fl-2"/>
      </object_component>
      <object_component id="oc-207">
         <name>.debug_info</name>
         <load_address>0x202d</load_address>
         <run_address>0x202d</run_address>
         <size>0xbb</size>
         <input_file_ref idref="fl-2"/>
      </object_component>
      <object_component id="oc-224">
         <name>.debug_info</name>
         <load_address>0x20e8</load_address>
         <run_address>0x20e8</run_address>
         <size>0x791</size>
         <input_file_ref idref="fl-2"/>
      </object_component>
      <object_component id="oc-d5">
         <name>.debug_info</name>
         <load_address>0x2879</load_address>
         <run_address>0x2879</run_address>
         <size>0x8b</size>
         <input_file_ref idref="fl-2"/>
      </object_component>
      <object_component id="oc-d0">
         <name>.debug_info</name>
         <load_address>0x2904</load_address>
         <run_address>0x2904</run_address>
         <size>0x18c</size>
         <input_file_ref idref="fl-2"/>
      </object_component>
      <object_component id="oc-2f8">
         <name>.debug_info</name>
         <load_address>0x2a90</load_address>
         <run_address>0x2a90</run_address>
         <size>0x297</size>
         <input_file_ref idref="fl-2"/>
      </object_component>
      <object_component id="oc-1bd">
         <name>.debug_info</name>
         <load_address>0x2d27</load_address>
         <run_address>0x2d27</run_address>
         <size>0xbb</size>
         <input_file_ref idref="fl-2"/>
      </object_component>
      <object_component id="oc-da">
         <name>.debug_info</name>
         <load_address>0x2de2</load_address>
         <run_address>0x2de2</run_address>
         <size>0x86</size>
         <input_file_ref idref="fl-2"/>
      </object_component>
      <object_component id="oc-3ac">
         <name>.debug_info</name>
         <load_address>0x2e68</load_address>
         <run_address>0x2e68</run_address>
         <size>0x38f</size>
         <input_file_ref idref="fl-2"/>
      </object_component>
      <object_component id="oc-39b">
         <name>.debug_info</name>
         <load_address>0x31f7</load_address>
         <run_address>0x31f7</run_address>
         <size>0x44e</size>
         <input_file_ref idref="fl-2"/>
      </object_component>
      <object_component id="oc-31d">
         <name>.debug_info</name>
         <load_address>0x3645</load_address>
         <run_address>0x3645</run_address>
         <size>0x1d4</size>
         <input_file_ref idref="fl-2"/>
      </object_component>
      <object_component id="oc-1d3">
         <name>.debug_info</name>
         <load_address>0x3819</load_address>
         <run_address>0x3819</run_address>
         <size>0x1f9</size>
         <input_file_ref idref="fl-2"/>
      </object_component>
      <object_component id="oc-394">
         <name>.debug_info</name>
         <load_address>0x3a12</load_address>
         <run_address>0x3a12</run_address>
         <size>0x12a</size>
         <input_file_ref idref="fl-2"/>
      </object_component>
      <object_component id="oc-23d">
         <name>.debug_info</name>
         <load_address>0x3b3c</load_address>
         <run_address>0x3b3c</run_address>
         <size>0x3d3</size>
         <input_file_ref idref="fl-2"/>
      </object_component>
      <object_component id="oc-305">
         <name>.debug_info</name>
         <load_address>0x3f0f</load_address>
         <run_address>0x3f0f</run_address>
         <size>0x2e3</size>
         <input_file_ref idref="fl-2"/>
      </object_component>
      <object_component id="oc-2e2">
         <name>.debug_info</name>
         <load_address>0x41f2</load_address>
         <run_address>0x41f2</run_address>
         <size>0x243</size>
         <input_file_ref idref="fl-2"/>
      </object_component>
      <object_component id="oc-32e">
         <name>.debug_info</name>
         <load_address>0x4435</load_address>
         <run_address>0x4435</run_address>
         <size>0x18e</size>
         <input_file_ref idref="fl-2"/>
      </object_component>
      <object_component id="oc-1e2">
         <name>.debug_info</name>
         <load_address>0x45c3</load_address>
         <run_address>0x45c3</run_address>
         <size>0x2d0</size>
         <input_file_ref idref="fl-2"/>
      </object_component>
      <object_component id="oc-2cc">
         <name>.debug_info</name>
         <load_address>0x4893</load_address>
         <run_address>0x4893</run_address>
         <size>0x367</size>
         <input_file_ref idref="fl-3"/>
      </object_component>
      <object_component id="oc-2c9">
         <name>.debug_info</name>
         <load_address>0x4bfa</load_address>
         <run_address>0x4bfa</run_address>
         <size>0x13a</size>
         <input_file_ref idref="fl-3"/>
      </object_component>
      <object_component id="oc-2c6">
         <name>.debug_info</name>
         <load_address>0x4d34</load_address>
         <run_address>0x4d34</run_address>
         <size>0x13f</size>
         <input_file_ref idref="fl-3"/>
      </object_component>
      <object_component id="oc-19a">
         <name>.debug_info</name>
         <load_address>0x4e73</load_address>
         <run_address>0x4e73</run_address>
         <size>0xe1f</size>
         <input_file_ref idref="fl-3"/>
      </object_component>
      <object_component id="oc-c9">
         <name>.debug_info</name>
         <load_address>0x5c92</load_address>
         <run_address>0x5c92</run_address>
         <size>0x16d</size>
         <input_file_ref idref="fl-5"/>
      </object_component>
      <object_component id="oc-21f">
         <name>.debug_info</name>
         <load_address>0x5dff</load_address>
         <run_address>0x5dff</run_address>
         <size>0x316</size>
         <input_file_ref idref="fl-8"/>
      </object_component>
      <object_component id="oc-82">
         <name>.debug_info</name>
         <load_address>0x6115</load_address>
         <run_address>0x6115</run_address>
         <size>0x773</size>
         <input_file_ref idref="fl-8"/>
      </object_component>
      <object_component id="oc-5d">
         <name>.debug_info</name>
         <load_address>0x6888</load_address>
         <run_address>0x6888</run_address>
         <size>0x84</size>
         <input_file_ref idref="fl-8"/>
      </object_component>
      <object_component id="oc-fd">
         <name>.debug_info</name>
         <load_address>0x690c</load_address>
         <run_address>0x690c</run_address>
         <size>0x9e7</size>
         <input_file_ref idref="fl-8"/>
      </object_component>
      <object_component id="oc-118">
         <name>.debug_info</name>
         <load_address>0x72f3</load_address>
         <run_address>0x72f3</run_address>
         <size>0x36e</size>
         <input_file_ref idref="fl-9"/>
      </object_component>
      <object_component id="oc-9a">
         <name>.debug_info</name>
         <load_address>0x7661</load_address>
         <run_address>0x7661</run_address>
         <size>0xe6f</size>
         <input_file_ref idref="fl-9"/>
      </object_component>
      <object_component id="oc-20">
         <name>.debug_info</name>
         <load_address>0x84d0</load_address>
         <run_address>0x84d0</run_address>
         <size>0x20f</size>
         <input_file_ref idref="fl-9"/>
      </object_component>
      <object_component id="oc-1c9">
         <name>.debug_info</name>
         <load_address>0x86df</load_address>
         <run_address>0x86df</run_address>
         <size>0x1de</size>
         <input_file_ref idref="fl-9"/>
      </object_component>
      <object_component id="oc-113">
         <name>.debug_info</name>
         <load_address>0x88bd</load_address>
         <run_address>0x88bd</run_address>
         <size>0x129</size>
         <input_file_ref idref="fl-9"/>
      </object_component>
      <object_component id="oc-33c">
         <name>.debug_info</name>
         <load_address>0x89e6</load_address>
         <run_address>0x89e6</run_address>
         <size>0x30b</size>
         <input_file_ref idref="fl-a"/>
      </object_component>
      <object_component id="oc-3d1">
         <name>.debug_info</name>
         <load_address>0x8cf1</load_address>
         <run_address>0x8cf1</run_address>
         <size>0xc6d</size>
         <input_file_ref idref="fl-a"/>
      </object_component>
      <object_component id="oc-3cc">
         <name>.debug_info</name>
         <load_address>0x995e</load_address>
         <run_address>0x995e</run_address>
         <size>0x396</size>
         <input_file_ref idref="fl-a"/>
      </object_component>
      <object_component id="oc-242">
         <name>.debug_info</name>
         <load_address>0x9cf4</load_address>
         <run_address>0x9cf4</run_address>
         <size>0x508</size>
         <input_file_ref idref="fl-a"/>
      </object_component>
      <object_component id="oc-337">
         <name>.debug_info</name>
         <load_address>0xa1fc</load_address>
         <run_address>0xa1fc</run_address>
         <size>0x43c</size>
         <input_file_ref idref="fl-a"/>
      </object_component>
      <object_component id="oc-2b4">
         <name>.debug_info</name>
         <load_address>0xa638</load_address>
         <run_address>0xa638</run_address>
         <size>0x326</size>
         <input_file_ref idref="fl-b"/>
      </object_component>
      <object_component id="oc-182">
         <name>.debug_info</name>
         <load_address>0xa95e</load_address>
         <run_address>0xa95e</run_address>
         <size>0x8f3</size>
         <input_file_ref idref="fl-b"/>
      </object_component>
      <object_component id="oc-2a">
         <name>.debug_info</name>
         <load_address>0xb251</load_address>
         <run_address>0xb251</run_address>
         <size>0x1f5</size>
         <input_file_ref idref="fl-b"/>
      </object_component>
      <object_component id="oc-304">
         <name>.debug_info</name>
         <load_address>0xb446</load_address>
         <run_address>0xb446</run_address>
         <size>0x3ba</size>
         <input_file_ref idref="fl-c"/>
      </object_component>
      <object_component id="oc-301">
         <name>.debug_info</name>
         <load_address>0xb800</load_address>
         <run_address>0xb800</run_address>
         <size>0x146</size>
         <input_file_ref idref="fl-c"/>
      </object_component>
      <object_component id="oc-2fe">
         <name>.debug_info</name>
         <load_address>0xb946</load_address>
         <run_address>0xb946</run_address>
         <size>0x13a</size>
         <input_file_ref idref="fl-c"/>
      </object_component>
      <object_component id="oc-1ee">
         <name>.debug_info</name>
         <load_address>0xba80</load_address>
         <run_address>0xba80</run_address>
         <size>0x1082</size>
         <input_file_ref idref="fl-c"/>
      </object_component>
      <object_component id="oc-2f">
         <name>.debug_info</name>
         <load_address>0xcb02</load_address>
         <run_address>0xcb02</run_address>
         <size>0x2f6</size>
         <input_file_ref idref="fl-c"/>
      </object_component>
      <object_component id="oc-217">
         <name>.debug_info</name>
         <load_address>0xcdf8</load_address>
         <run_address>0xcdf8</run_address>
         <size>0x2c</size>
         <input_file_ref idref="fl-c"/>
      </object_component>
      <object_component id="oc-39a">
         <name>.debug_info</name>
         <load_address>0xce24</load_address>
         <run_address>0xce24</run_address>
         <size>0x352</size>
         <input_file_ref idref="fl-d"/>
      </object_component>
      <object_component id="oc-2b8">
         <name>.debug_info</name>
         <load_address>0xd176</load_address>
         <run_address>0xd176</run_address>
         <size>0xe44</size>
         <input_file_ref idref="fl-d"/>
      </object_component>
      <object_component id="oc-1b7">
         <name>.debug_info</name>
         <load_address>0xdfba</load_address>
         <run_address>0xdfba</run_address>
         <size>0x525</size>
         <input_file_ref idref="fl-e"/>
      </object_component>
      <object_component id="oc-a8">
         <name>.debug_info</name>
         <load_address>0xe4df</load_address>
         <run_address>0xe4df</run_address>
         <size>0xf49</size>
         <input_file_ref idref="fl-e"/>
      </object_component>
      <object_component id="oc-22e">
         <name>.debug_info</name>
         <load_address>0xf428</load_address>
         <run_address>0xf428</run_address>
         <size>0x3ce</size>
         <input_file_ref idref="fl-e"/>
      </object_component>
      <object_component id="oc-2f3">
         <name>.debug_info</name>
         <load_address>0xf7f6</load_address>
         <run_address>0xf7f6</run_address>
         <size>0x7cd</size>
         <input_file_ref idref="fl-e"/>
      </object_component>
      <object_component id="oc-1b8">
         <name>.debug_info</name>
         <load_address>0xffc3</load_address>
         <run_address>0xffc3</run_address>
         <size>0x673</size>
         <input_file_ref idref="fl-e"/>
      </object_component>
      <object_component id="oc-233">
         <name>.debug_info</name>
         <load_address>0x10636</load_address>
         <run_address>0x10636</run_address>
         <size>0x437</size>
         <input_file_ref idref="fl-e"/>
      </object_component>
      <object_component id="oc-25e">
         <name>.debug_info</name>
         <load_address>0x10a6d</load_address>
         <run_address>0x10a6d</run_address>
         <size>0x37b</size>
         <input_file_ref idref="fl-e"/>
      </object_component>
      <object_component id="oc-238">
         <name>.debug_info</name>
         <load_address>0x10de8</load_address>
         <run_address>0x10de8</run_address>
         <size>0x1ca</size>
         <input_file_ref idref="fl-e"/>
      </object_component>
      <object_component id="oc-1ce">
         <name>.debug_info</name>
         <load_address>0x10fb2</load_address>
         <run_address>0x10fb2</run_address>
         <size>0x435</size>
         <input_file_ref idref="fl-e"/>
      </object_component>
      <object_component id="oc-251">
         <name>.debug_info</name>
         <load_address>0x113e7</load_address>
         <run_address>0x113e7</run_address>
         <size>0x551</size>
         <input_file_ref idref="fl-e"/>
      </object_component>
      <object_component id="oc-247">
         <name>.debug_info</name>
         <load_address>0x11938</load_address>
         <run_address>0x11938</run_address>
         <size>0x1de</size>
         <input_file_ref idref="fl-e"/>
      </object_component>
      <object_component id="oc-256">
         <name>.debug_info</name>
         <load_address>0x11b16</load_address>
         <run_address>0x11b16</run_address>
         <size>0x17a</size>
         <input_file_ref idref="fl-e"/>
      </object_component>
      <object_component id="oc-1d8">
         <name>.debug_info</name>
         <load_address>0x11c90</load_address>
         <run_address>0x11c90</run_address>
         <size>0x6a6</size>
         <input_file_ref idref="fl-e"/>
      </object_component>
      <object_component id="oc-1dd">
         <name>.debug_info</name>
         <load_address>0x12336</load_address>
         <run_address>0x12336</run_address>
         <size>0x13e</size>
         <input_file_ref idref="fl-e"/>
      </object_component>
      <object_component id="oc-221">
         <name>.debug_info</name>
         <load_address>0x12474</load_address>
         <run_address>0x12474</run_address>
         <size>0x2d8</size>
         <input_file_ref idref="fl-19"/>
      </object_component>
      <object_component id="oc-105">
         <name>.debug_info</name>
         <load_address>0x1274c</load_address>
         <run_address>0x1274c</run_address>
         <size>0x299</size>
         <input_file_ref idref="fl-19"/>
      </object_component>
      <object_component id="oc-322">
         <name>.debug_info</name>
         <load_address>0x129e5</load_address>
         <run_address>0x129e5</run_address>
         <size>0x341</size>
         <input_file_ref idref="fl-1a"/>
      </object_component>
      <object_component id="oc-1ff">
         <name>.debug_info</name>
         <load_address>0x12d26</load_address>
         <run_address>0x12d26</run_address>
         <size>0x111b</size>
         <input_file_ref idref="fl-1a"/>
      </object_component>
      <object_component id="oc-37">
         <name>.debug_info</name>
         <load_address>0x13e41</load_address>
         <run_address>0x13e41</run_address>
         <size>0x1c9</size>
         <input_file_ref idref="fl-1a"/>
      </object_component>
      <object_component id="oc-20e">
         <name>.debug_info</name>
         <load_address>0x1400a</load_address>
         <run_address>0x1400a</run_address>
         <size>0x373</size>
         <input_file_ref idref="fl-1b"/>
      </object_component>
      <object_component id="oc-c5">
         <name>.debug_info</name>
         <load_address>0x1437d</load_address>
         <run_address>0x1437d</run_address>
         <size>0x142</size>
         <input_file_ref idref="fl-1b"/>
      </object_component>
      <object_component id="oc-15d">
         <name>.debug_info</name>
         <load_address>0x144bf</load_address>
         <run_address>0x144bf</run_address>
         <size>0x10a1</size>
         <input_file_ref idref="fl-1b"/>
      </object_component>
      <object_component id="oc-3c">
         <name>.debug_info</name>
         <load_address>0x15560</load_address>
         <run_address>0x15560</run_address>
         <size>0x2a3</size>
         <input_file_ref idref="fl-1b"/>
      </object_component>
      <object_component id="oc-329">
         <name>.debug_info</name>
         <load_address>0x15803</load_address>
         <run_address>0x15803</run_address>
         <size>0x91</size>
         <input_file_ref idref="fl-1b"/>
      </object_component>
      <object_component id="oc-7b">
         <name>.debug_info</name>
         <load_address>0x15894</load_address>
         <run_address>0x15894</run_address>
         <size>0xaf6</size>
         <input_file_ref idref="fl-1c"/>
      </object_component>
      <object_component id="oc-41">
         <name>.debug_info</name>
         <load_address>0x1638a</load_address>
         <run_address>0x1638a</run_address>
         <size>0x175</size>
         <input_file_ref idref="fl-1e"/>
      </object_component>
      <object_component id="oc-33d">
         <name>.debug_info</name>
         <load_address>0x164ff</load_address>
         <run_address>0x164ff</run_address>
         <size>0x2f7</size>
         <input_file_ref idref="fl-20"/>
      </object_component>
      <object_component id="oc-3d8">
         <name>.debug_info</name>
         <load_address>0x167f6</load_address>
         <run_address>0x167f6</run_address>
         <size>0x242</size>
         <input_file_ref idref="fl-20"/>
      </object_component>
      <object_component id="oc-24c">
         <name>.debug_info</name>
         <load_address>0x16a38</load_address>
         <run_address>0x16a38</run_address>
         <size>0x2af</size>
         <input_file_ref idref="fl-20"/>
      </object_component>
      <object_component id="oc-49">
         <name>.debug_info</name>
         <load_address>0x16ce7</load_address>
         <run_address>0x16ce7</run_address>
         <size>0x1c0</size>
         <input_file_ref idref="fl-21"/>
      </object_component>
      <object_component id="oc-10e">
         <name>.debug_info</name>
         <load_address>0x16ea7</load_address>
         <run_address>0x16ea7</run_address>
         <size>0x4c6</size>
         <input_file_ref idref="fl-23"/>
      </object_component>
      <object_component id="oc-111">
         <name>.debug_info</name>
         <load_address>0x1736d</load_address>
         <run_address>0x1736d</run_address>
         <size>0x6c7</size>
         <input_file_ref idref="fl-24"/>
      </object_component>
      <object_component id="oc-92">
         <name>.debug_info</name>
         <load_address>0x17a34</load_address>
         <run_address>0x17a34</run_address>
         <size>0x3802</size>
         <input_file_ref idref="fl-24"/>
      </object_component>
      <object_component id="oc-1a">
         <name>.debug_info</name>
         <load_address>0x1b236</load_address>
         <run_address>0x1b236</run_address>
         <size>0x666</size>
         <input_file_ref idref="fl-25"/>
      </object_component>
      <object_component id="oc-86">
         <name>.debug_info</name>
         <load_address>0x1b89c</load_address>
         <run_address>0x1b89c</run_address>
         <size>0x1b9</size>
         <input_file_ref idref="fl-25"/>
      </object_component>
      <object_component id="oc-b4">
         <name>.debug_info</name>
         <load_address>0x1ba55</load_address>
         <run_address>0x1ba55</run_address>
         <size>0x59b</size>
         <input_file_ref idref="fl-26"/>
      </object_component>
      <object_component id="oc-26">
         <name>.debug_info</name>
         <load_address>0x1bff0</load_address>
         <run_address>0x1bff0</run_address>
         <size>0x13c</size>
         <input_file_ref idref="fl-26"/>
      </object_component>
      <object_component id="oc-4e">
         <name>.debug_info</name>
         <load_address>0x1c12c</load_address>
         <run_address>0x1c12c</run_address>
         <size>0x5aa</size>
         <input_file_ref idref="fl-26"/>
      </object_component>
      <object_component id="oc-53">
         <name>.debug_info</name>
         <load_address>0x1c6d6</load_address>
         <run_address>0x1c6d6</run_address>
         <size>0x283</size>
         <input_file_ref idref="fl-26"/>
      </object_component>
      <object_component id="oc-1e7">
         <name>.debug_info</name>
         <load_address>0x1c959</load_address>
         <run_address>0x1c959</run_address>
         <size>0x4f</size>
         <input_file_ref idref="fl-26"/>
      </object_component>
      <object_component id="oc-10a">
         <name>.debug_info</name>
         <load_address>0x1c9a8</load_address>
         <run_address>0x1c9a8</run_address>
         <size>0x574</size>
         <input_file_ref idref="fl-27"/>
      </object_component>
      <object_component id="oc-8d">
         <name>.debug_info</name>
         <load_address>0x1cf1c</load_address>
         <run_address>0x1cf1c</run_address>
         <size>0xa15</size>
         <input_file_ref idref="fl-27"/>
      </object_component>
      <object_component id="oc-38a">
         <name>.debug_info</name>
         <load_address>0x1d931</load_address>
         <run_address>0x1d931</run_address>
         <size>0x488</size>
         <input_file_ref idref="fl-28"/>
      </object_component>
      <object_component id="oc-29e">
         <name>.debug_info</name>
         <load_address>0x1ddb9</load_address>
         <run_address>0x1ddb9</run_address>
         <size>0x185</size>
         <input_file_ref idref="fl-28"/>
      </object_component>
      <object_component id="oc-162">
         <name>.debug_info</name>
         <load_address>0x1df3e</load_address>
         <run_address>0x1df3e</run_address>
         <size>0xb1a</size>
         <input_file_ref idref="fl-28"/>
      </object_component>
      <object_component id="oc-444">
         <name>.debug_info</name>
         <load_address>0x1ea58</load_address>
         <run_address>0x1ea58</run_address>
         <size>0x5e</size>
         <input_file_ref idref="fl-28"/>
      </object_component>
      <object_component id="oc-16e">
         <name>.debug_info</name>
         <load_address>0x1eab6</load_address>
         <run_address>0x1eab6</run_address>
         <size>0x2cf</size>
         <input_file_ref idref="fl-29"/>
      </object_component>
      <object_component id="oc-168">
         <name>.debug_info</name>
         <load_address>0x1ed85</load_address>
         <run_address>0x1ed85</run_address>
         <size>0x2f4</size>
         <input_file_ref idref="fl-2a"/>
      </object_component>
      <object_component id="oc-2c4">
         <name>.debug_info</name>
         <load_address>0x1f079</load_address>
         <run_address>0x1f079</run_address>
         <size>0x493</size>
         <input_file_ref idref="fl-2b"/>
      </object_component>
      <object_component id="oc-192">
         <name>.debug_info</name>
         <load_address>0x1f50c</load_address>
         <run_address>0x1f50c</run_address>
         <size>0xcc1</size>
         <input_file_ref idref="fl-2b"/>
      </object_component>
      <object_component id="oc-281">
         <name>.debug_info</name>
         <load_address>0x201cd</load_address>
         <run_address>0x201cd</run_address>
         <size>0x48a</size>
         <input_file_ref idref="fl-2c"/>
      </object_component>
      <object_component id="oc-14a">
         <name>.debug_info</name>
         <load_address>0x20657</load_address>
         <run_address>0x20657</run_address>
         <size>0x42a</size>
         <input_file_ref idref="fl-2c"/>
      </object_component>
      <object_component id="oc-282">
         <name>.debug_info</name>
         <load_address>0x20a81</load_address>
         <run_address>0x20a81</run_address>
         <size>0x2c</size>
         <input_file_ref idref="fl-2c"/>
      </object_component>
      <object_component id="oc-295">
         <name>.debug_info</name>
         <load_address>0x20aad</load_address>
         <run_address>0x20aad</run_address>
         <size>0x2c9</size>
         <input_file_ref idref="fl-2d"/>
      </object_component>
      <object_component id="oc-159">
         <name>.debug_info</name>
         <load_address>0x20d76</load_address>
         <run_address>0x20d76</run_address>
         <size>0x1d6</size>
         <input_file_ref idref="fl-2d"/>
      </object_component>
      <object_component id="oc-1f6">
         <name>.debug_info</name>
         <load_address>0x20f4c</load_address>
         <run_address>0x20f4c</run_address>
         <size>0x556</size>
         <input_file_ref idref="fl-2f"/>
      </object_component>
      <object_component id="oc-30b">
         <name>.debug_info</name>
         <load_address>0x214a2</load_address>
         <run_address>0x214a2</run_address>
         <size>0x13a</size>
         <input_file_ref idref="fl-2f"/>
      </object_component>
      <object_component id="oc-1f3">
         <name>.debug_info</name>
         <load_address>0x215dc</load_address>
         <run_address>0x215dc</run_address>
         <size>0x142</size>
         <input_file_ref idref="fl-2f"/>
      </object_component>
      <object_component id="oc-b9">
         <name>.debug_info</name>
         <load_address>0x2171e</load_address>
         <run_address>0x2171e</run_address>
         <size>0xa8f</size>
         <input_file_ref idref="fl-2f"/>
      </object_component>
      <object_component id="oc-311">
         <name>.debug_info</name>
         <load_address>0x221ad</load_address>
         <run_address>0x221ad</run_address>
         <size>0x9a</size>
         <input_file_ref idref="fl-2f"/>
      </object_component>
      <object_component id="oc-206">
         <name>.debug_info</name>
         <load_address>0x22247</load_address>
         <run_address>0x22247</run_address>
         <size>0x41c</size>
         <input_file_ref idref="fl-30"/>
      </object_component>
      <object_component id="oc-203">
         <name>.debug_info</name>
         <load_address>0x22663</load_address>
         <run_address>0x22663</run_address>
         <size>0x135</size>
         <input_file_ref idref="fl-30"/>
      </object_component>
      <object_component id="oc-c0">
         <name>.debug_info</name>
         <load_address>0x22798</load_address>
         <run_address>0x22798</run_address>
         <size>0x168d</size>
         <input_file_ref idref="fl-30"/>
      </object_component>
      <object_component id="oc-37c">
         <name>.debug_info</name>
         <load_address>0x23e25</load_address>
         <run_address>0x23e25</run_address>
         <size>0x471</size>
         <input_file_ref idref="fl-31"/>
      </object_component>
      <object_component id="oc-28e">
         <name>.debug_info</name>
         <load_address>0x24296</load_address>
         <run_address>0x24296</run_address>
         <size>0x14c</size>
         <input_file_ref idref="fl-31"/>
      </object_component>
      <object_component id="oc-291">
         <name>.debug_info</name>
         <load_address>0x243e2</load_address>
         <run_address>0x243e2</run_address>
         <size>0x14a</size>
         <input_file_ref idref="fl-31"/>
      </object_component>
      <object_component id="oc-150">
         <name>.debug_info</name>
         <load_address>0x2452c</load_address>
         <run_address>0x2452c</run_address>
         <size>0x5a8</size>
         <input_file_ref idref="fl-31"/>
      </object_component>
      <object_component id="oc-38e">
         <name>.debug_info</name>
         <load_address>0x24ad4</load_address>
         <run_address>0x24ad4</run_address>
         <size>0x5e0</size>
         <input_file_ref idref="fl-32"/>
      </object_component>
      <object_component id="oc-2b0">
         <name>.debug_info</name>
         <load_address>0x250b4</load_address>
         <run_address>0x250b4</run_address>
         <size>0x12c</size>
         <input_file_ref idref="fl-32"/>
      </object_component>
      <object_component id="oc-17a">
         <name>.debug_info</name>
         <load_address>0x251e0</load_address>
         <run_address>0x251e0</run_address>
         <size>0xe0c</size>
         <input_file_ref idref="fl-32"/>
      </object_component>
      <object_component id="oc-44b">
         <name>.debug_info</name>
         <load_address>0x25fec</load_address>
         <run_address>0x25fec</run_address>
         <size>0x72</size>
         <input_file_ref idref="fl-32"/>
      </object_component>
      <object_component id="oc-176">
         <name>.debug_info</name>
         <load_address>0x2605e</load_address>
         <run_address>0x2605e</run_address>
         <size>0x7f3</size>
         <input_file_ref idref="fl-33"/>
      </object_component>
      <object_component id="oc-187">
         <name>.debug_info</name>
         <load_address>0x26851</load_address>
         <run_address>0x26851</run_address>
         <size>0x592</size>
         <input_file_ref idref="fl-34"/>
      </object_component>
      <object_component id="oc-2bd">
         <name>.debug_info</name>
         <load_address>0x26de3</load_address>
         <run_address>0x26de3</run_address>
         <size>0x5e4</size>
         <input_file_ref idref="fl-36"/>
      </object_component>
      <object_component id="oc-2c0">
         <name>.debug_info</name>
         <load_address>0x273c7</load_address>
         <run_address>0x273c7</run_address>
         <size>0x14b</size>
         <input_file_ref idref="fl-36"/>
      </object_component>
      <object_component id="oc-18c">
         <name>.debug_info</name>
[...]
         <name>vimGetConfigValue</name>
         <value>0x6694</value>
         <object_component_ref idref="oc-4c"/>
      </symbol>
      <symbol id="sm-8ac">
         <name>vimParityErrorHandler</name>
         <value>0xca38</value>
         <object_component_ref idref="oc-4b"/>
      </symbol>
      <symbol id="sm-907">
         <name>systemGetConfigValue</name>
         <value>0x4fe4</value>
         <object_component_ref idref="oc-8b"/>
      </symbol>
      <symbol id="sm-908">
         <name>trimLPO</name>
         <value>0x4cb8</value>
         <object_component_ref idref="oc-8b"/>
      </symbol>
      <symbol id="sm-909">
         <name>systemInit</name>
         <value>0x4ee8</value>
         <object_component_ref idref="oc-8b"/>
      </symbol>
      <symbol id="sm-90a">
         <name>customTrimLPO</name>
         <value>0x56e0</value>
         <object_component_ref idref="oc-8b"/>
      </symbol>
      <symbol id="sm-90b">
         <name>tcmflashGetConfigValue</name>
         <value>0x53f8</value>
         <object_component_ref idref="oc-8b"/>
      </symbol>
      <symbol id="sm-90c">
         <name>sramGetConfigValue</name>
         <value>0x55a4</value>
         <object_component_ref idref="oc-8b"/>
      </symbol>
      <symbol id="sm-90d">
         <name>periphInit</name>
         <value>0x4d6c</value>
         <object_component_ref idref="oc-8b"/>
      </symbol>
      <symbol id="sm-90e">
         <name>setupFlash</name>
         <value>0x4d2c</value>
         <object_component_ref idref="oc-8b"/>
      </symbol>
      <symbol id="sm-90f">
         <name>setupPLL</name>
         <value>0x4c58</value>
         <object_component_ref idref="oc-8b"/>
      </symbol>
      <symbol id="sm-910">
         <name>mapClocks</name>
         <value>0x4dc0</value>
         <object_component_ref idref="oc-8b"/>
      </symbol>
      <symbol id="sm-911">
         <name>systemPowerDown</name>
         <value>0x4fb4</value>
         <object_component_ref idref="oc-8b"/>
      </symbol>
      <symbol id="sm-96e">
         <name>bms_slaves_process</name>
         <value>0xa8e4</value>
         <object_component_ref idref="oc-161"/>
      </symbol>
      <symbol id="sm-96f">
         <name>bms_slaves_init</name>
         <value>0xa960</value>
         <object_component_ref idref="oc-161"/>
      </symbol>
      <symbol id="sm-980">
         <name>communications_process</name>
         <value>0xf14c</value>
         <object_component_ref idref="oc-16d"/>
      </symbol>
      <symbol id="sm-991">
         <name>thermistor_process</name>
         <value>0xf0f4</value>
         <object_component_ref idref="oc-167"/>
      </symbol>
      <symbol id="sm-9ad">
         <name>MCP48FV_Read</name>
         <value>0xc704</value>
         <object_component_ref idref="oc-191"/>
      </symbol>
      <symbol id="sm-9ae">
         <name>MCP48FV_Write</name>
         <value>0xc654</value>
         <object_component_ref idref="oc-191"/>
      </symbol>
      <symbol id="sm-9af">
         <name>MCP48FV_Set_Value_Single</name>
         <value>0xc58c</value>
         <object_component_ref idref="oc-191"/>
      </symbol>
      <symbol id="sm-9b0">
         <name>readRegister</name>
         <value>0xc6b8</value>
         <object_component_ref idref="oc-191"/>
      </symbol>
      <symbol id="sm-9b1">
         <name>MCP48FV_Set_Value_Double</name>
         <value>0xc498</value>
         <object_component_ref idref="oc-191"/>
      </symbol>
      <symbol id="sm-9b2">
         <name>MCP48FV_Init</name>
         <value>0xc44c</value>
         <object_component_ref idref="oc-191"/>
      </symbol>
      <symbol id="sm-9b3">
         <name>cmdCreator</name>
         <value>0xc618</value>
         <object_component_ref idref="oc-191"/>
      </symbol>
      <symbol id="sm-9ca">
         <name>UARTInit</name>
         <value>0xe804</value>
         <object_component_ref idref="oc-149"/>
      </symbol>
      <symbol id="sm-9cb">
         <name>UARTSend</name>
         <value>0xe7d4</value>
         <object_component_ref idref="oc-149"/>
      </symbol>
      <symbol id="sm-9cc">
         <name>UARTprintf</name>
         <value>0xe824</value>
         <object_component_ref idref="oc-149"/>
      </symbol>
      <symbol id="sm-9db">
         <name>delayms</name>
         <value>0xf290</value>
         <object_component_ref idref="oc-155"/>
      </symbol>
      <symbol id="sm-a1c">
         <name>getExpectedShutdownResult</name>
         <value>0xba14</value>
         <object_component_ref idref="oc-b6"/>
      </symbol>
      <symbol id="sm-a1d">
         <name>shutdown_callback</name>
         <value>0xbad8</value>
         <object_component_ref idref="oc-b6"/>
      </symbol>
      <symbol id="sm-a1e">
         <name>isShutdownPass</name>
         <value>0xb9b4</value>
         <object_component_ref idref="oc-b6"/>
      </symbol>
      <symbol id="sm-a1f">
         <name>initializeShutdownInterrupt</name>
         <value>0xb990</value>
         <object_component_ref idref="oc-b6"/>
      </symbol>
      <symbol id="sm-a20">
         <name>edgeNotification</name>
         <value>0xbb9c</value>
         <object_component_ref idref="oc-b6"/>
      </symbol>
      <symbol id="sm-a21">
         <name>isShutdownTimeout</name>
         <value>0xb9e4</value>
         <object_component_ref idref="oc-b6"/>
      </symbol>
      <symbol id="sm-a22">
         <name>setShutdownOccurence</name>
         <value>0xba24</value>
         <object_component_ref idref="oc-b6"/>
      </symbol>
      <symbol id="sm-a23">
         <name>getShutdownSignal</name>
         <value>0xb9f4</value>
         <object_component_ref idref="oc-b6"/>
      </symbol>
      <symbol id="sm-a24">
         <name>shutdown_timeout_callback</name>
         <value>0xba88</value>
         <object_component_ref idref="oc-b6"/>
      </symbol>
      <symbol id="sm-a79">
         <name>timerInit</name>
         <value>0x89e0</value>
         <object_component_ref idref="oc-bd"/>
      </symbol>
      <symbol id="sm-a7a">
         <name>timers_complete</name>
         <value>0x8ae8</value>
         <object_component_ref idref="oc-bd"/>
      </symbol>
      <symbol id="sm-a7b">
         <name>update_value</name>
         <value>0x8da0</value>
         <object_component_ref idref="oc-bd"/>
      </symbol>
      <symbol id="sm-a7c">
         <name>rtiNotification</name>
         <value>0x8f0c</value>
         <object_component_ref idref="oc-bd"/>
      </symbol>
      <symbol id="sm-a7d">
         <name>stopTimer</name>
         <value>0x8cbc</value>
         <object_component_ref idref="oc-bd"/>
      </symbol>
      <symbol id="sm-a7e">
         <name>setTimerPeriod</name>
         <value>0x8d38</value>
         <object_component_ref idref="oc-bd"/>
      </symbol>
      <symbol id="sm-a7f">
         <name>softwareTimerCallback</name>
         <value>0x8964</value>
         <object_component_ref idref="oc-bd"/>
      </symbol>
      <symbol id="sm-a80">
         <name>initializeTimers</name>
         <value>0x8eb4</value>
         <object_component_ref idref="oc-bd"/>
      </symbol>
      <symbol id="sm-a81">
         <name>xTimerSet</name>
         <value>0x8b54</value>
         <object_component_ref idref="oc-bd"/>
      </symbol>
      <symbol id="sm-a82">
         <name>startTimer</name>
         <value>0x8c20</value>
         <object_component_ref idref="oc-bd"/>
      </symbol>
      <symbol id="sm-a83">
         <name>stopAllTimers</name>
         <value>0x8be4</value>
         <object_component_ref idref="oc-bd"/>
      </symbol>
      <symbol id="sm-a84">
         <name>getTimerETA</name>
         <value>0x8a98</value>
         <object_component_ref idref="oc-bd"/>
      </symbol>
      <symbol id="sm-a85">
         <name>defaultCallback</name>
         <value>0x8ea4</value>
         <object_component_ref idref="oc-bd"/>
      </symbol>
      <symbol id="sm-a86">
         <name>startGlobalTimer</name>
         <value>0x8bc4</value>
         <object_component_ref idref="oc-bd"/>
      </symbol>
      <symbol id="sm-a87">
         <name>getTimerID</name>
         <value>0x8a50</value>
         <object_component_ref idref="oc-bd"/>
      </symbol>
      <symbol id="sm-a88">
         <name>setTimerID</name>
         <value>0x8d0c</value>
         <object_component_ref idref="oc-bd"/>
      </symbol>
      <symbol id="sm-a89">
         <name>stopGlobalTimer</name>
         <value>0x8bd4</value>
         <object_component_ref idref="oc-bd"/>
      </symbol>
      <symbol id="sm-a8a">
         <name>isBlocked</name>
         <value>0x8a2c</value>
         <object_component_ref idref="oc-bd"/>
      </symbol>
      <symbol id="sm-a8b">
         <name>setTimerCallback</name>
         <value>0x8d64</value>
         <object_component_ref idref="oc-bd"/>
      </symbol>
      <symbol id="sm-a8c">
         <name>getTimerPeriod</name>
         <value>0x8a74</value>
         <object_component_ref idref="oc-bd"/>
      </symbol>
      <symbol id="sm-aba">
         <name>is_bms_slave_test_passed</name>
         <value>0xd9e0</value>
         <object_component_ref idref="oc-14f"/>
      </symbol>
      <symbol id="sm-abb">
         <name>validateThrottleControls</name>
         <value>0xda20</value>
         <object_component_ref idref="oc-14f"/>
      </symbol>
      <symbol id="sm-b14">
         <name>test_data</name>
         <value>0x8001669</value>
      </symbol>
      <symbol id="sm-b15">
         <name>apps_short_callback</name>
         <value>0xa5f8</value>
         <object_component_ref idref="oc-179"/>
      </symbol>
      <symbol id="sm-b16">
         <name>apps_sweep_callback</name>
         <value>0xa4e8</value>
         <object_component_ref idref="oc-179"/>
      </symbol>
      <symbol id="sm-b17">
         <name>apps_open_callback</name>
         <value>0xa714</value>
         <object_component_ref idref="oc-179"/>
      </symbol>
      <symbol id="sm-b18">
         <name>this</name>
         <value>0x8001680</value>
         <object_component_ref idref="oc-2af"/>
      </symbol>
      <symbol id="sm-b19">
         <name>apps_unit_test</name>
         <value>0xa82c</value>
         <object_component_ref idref="oc-179"/>
      </symbol>
      <symbol id="sm-b1a">
         <name>apps_process</name>
         <value>0xa2c4</value>
         <object_component_ref idref="oc-179"/>
      </symbol>
      <symbol id="sm-b40">
         <name>bse_sweep_timer</name>
         <value>0xd780</value>
         <object_component_ref idref="oc-173"/>
      </symbol>
      <symbol id="sm-b41">
         <name>bse_process</name>
         <value>0xd698</value>
         <object_component_ref idref="oc-173"/>
      </symbol>
      <symbol id="sm-b42">
         <name>get_bse_voltage</name>
         <value>0xd814</value>
         <object_component_ref idref="oc-173"/>
      </symbol>
      <symbol id="sm-b5a">
         <name>gpio_init</name>
         <value>0xe080</value>
         <object_component_ref idref="oc-185"/>
      </symbol>
      <symbol id="sm-b5b">
         <name>gpio_process</name>
         <value>0xe08c</value>
         <object_component_ref idref="oc-185"/>
      </symbol>
      <symbol id="sm-bb2">
         <name>ADC_output</name>
         <value>0x800166c</value>
      </symbol>
      <symbol id="sm-bb3">
         <name>TX_Data_Slave</name>
         <value>0x800167e</value>
         <object_component_ref idref="oc-2bf"/>
      </symbol>
      <symbol id="sm-bb4">
         <name>hv_vs_process</name>
         <value>0x9634</value>
         <object_component_ref idref="oc-18b"/>
      </symbol>
      <symbol id="sm-bb5">
         <name>hv_vs_sweep_timer</name>
         <value>0x9b5c</value>
         <object_component_ref idref="oc-18b"/>
      </symbol>
      <symbol id="sm-bb6">
         <name>adcSlaveDataSetup</name>
         <value>0x9bf8</value>
         <object_component_ref idref="oc-18b"/>
      </symbol>
      <symbol id="sm-be3">
         <name>getInverterSignal</name>
         <value>0xea80</value>
         <object_component_ref idref="oc-287"/>
      </symbol>
      <symbol id="sm-bf5">
         <name>sendAPPSVoltages</name>
         <value>0xe970</value>
         <object_component_ref idref="oc-2a9"/>
      </symbol>
      <symbol id="sm-bf6">
         <name>sendAPPSdiff</name>
         <value>0xe994</value>
         <object_component_ref idref="oc-2a9"/>
      </symbol>
      <symbol id="sm-c1b">
         <name>floorl</name>
         <value>0xdf4c</value>
         <object_component_ref idref="oc-296"/>
      </symbol>
      <symbol id="sm-c1c">
         <name>floor</name>
         <value>0xdf4c</value>
         <object_component_ref idref="oc-296"/>
      </symbol>
      <symbol id="sm-c49">
         <name>vsnprintf</name>
         <value>0xefcc</value>
         <object_component_ref idref="oc-27a"/>
      </symbol>
      <symbol id="sm-c58">
         <name>__aeabi_memset</name>
         <value>0xeaf8</value>
         <object_component_ref idref="oc-f5"/>
      </symbol>
      <symbol id="sm-c59">
         <name>memset</name>
         <value>0xeb04</value>
         <object_component_ref idref="oc-f5"/>
      </symbol>
      <symbol id="sm-c5a">
         <name>__aeabi_memset8</name>
         <value>0xeaf8</value>
         <object_component_ref idref="oc-f5"/>
      </symbol>
      <symbol id="sm-c5b">
         <name>__aeabi_memset4</name>
         <value>0xeaf8</value>
         <object_component_ref idref="oc-f5"/>
      </symbol>
      <symbol id="sm-c5c">
         <name>__aeabi_memclr8</name>
         <value>0xeaf4</value>
         <object_component_ref idref="oc-f5"/>
      </symbol>
      <symbol id="sm-c5d">
         <name>__aeabi_memclr4</name>
         <value>0xeaf4</value>
         <object_component_ref idref="oc-f5"/>
      </symbol>
      <symbol id="sm-c5e">
         <name>__aeabi_memclr</name>
         <value>0xeaf4</value>
         <object_component_ref idref="oc-f5"/>
      </symbol>
      <symbol id="sm-c6a">
         <name>__aeabi_idivmod</name>
         <value>0xf1a0</value>
         <object_component_ref idref="oc-2a3"/>
      </symbol>
      <symbol id="sm-c6b">
         <name>__aeabi_idiv</name>
         <value>0xf1a0</value>
         <object_component_ref idref="oc-2a3"/>
      </symbol>
      <symbol id="sm-c77">
         <name>__aeabi_uidivmod</name>
         <value>0xf1f4</value>
         <object_component_ref idref="oc-1f7"/>
      </symbol>
      <symbol id="sm-c78">
         <name>__aeabi_uidiv</name>
         <value>0xf1f4</value>
         <object_component_ref idref="oc-1f7"/>
      </symbol>
      <symbol id="sm-c91">
         <name>memcpy</name>
         <value>0xd860</value>
         <object_component_ref idref="oc-62"/>
      </symbol>
      <symbol id="sm-c92">
         <name>__aeabi_memcpy</name>
         <value>0xd860</value>
         <object_component_ref idref="oc-62"/>
      </symbol>
      <symbol id="sm-c93">
         <name>__aeabi_memcpy8</name>
         <value>0xd860</value>
         <object_component_ref idref="oc-62"/>
      </symbol>
      <symbol id="sm-c94">
         <name>__aeabi_memcpy4</name>
         <value>0xd860</value>
         <object_component_ref idref="oc-62"/>
      </symbol>
      <symbol id="sm-cbc">
         <name>__TI_auto_init_nobinit_nopinit</name>
         <value>0xef64</value>
         <object_component_ref idref="oc-119"/>
      </symbol>
      <symbol id="sm-cd0">
         <name>__TI_zero_init_nomemset</name>
         <value>0xf358</value>
         <object_component_ref idref="oc-6e"/>
      </symbol>
      <symbol id="sm-ce7">
         <name>__TI_decompress_none</name>
         <value>0xf3ec</value>
         <object_component_ref idref="oc-12"/>
      </symbol>
      <symbol id="sm-d0a">
         <name>__TI_decompress_lzss</name>
         <value>0xecd0</value>
         <object_component_ref idref="oc-c"/>
      </symbol>
      <symbol id="sm-d15">
         <name>C$$EXIT</name>
         <value>0xf40c</value>
         <object_component_ref idref="oc-1aa"/>
      </symbol>
      <symbol id="sm-d16">
         <name>abort</name>
         <value>0xf40c</value>
         <object_component_ref idref="oc-1aa"/>
      </symbol>
      <symbol id="sm-d28">
         <name>strlen</name>
         <value>0xf3cc</value>
         <object_component_ref idref="oc-274"/>
      </symbol>
      <symbol id="sm-e70">
         <name>__TI_printfi</name>
         <value>0x3cac</value>
         <object_component_ref idref="oc-353"/>
      </symbol>
      <symbol id="sm-e7a">
         <name>__aeabi_idiv0</name>
         <value>0xf418</value>
         <object_component_ref idref="oc-316"/>
      </symbol>
      <symbol id="sm-e7b">
         <name>__aeabi_ldiv0</name>
         <value>0xf418</value>
         <object_component_ref idref="oc-316"/>
      </symbol>
      <symbol id="sm-e97">
         <name>__aeabi_uldivmod</name>
         <value>0xcd04</value>
         <object_component_ref idref="oc-45a"/>
      </symbol>
      <symbol id="sm-eaa">
         <name>atoi</name>
         <value>0xedec</value>
         <object_component_ref idref="oc-3eb"/>
      </symbol>
      <symbol id="sm-eb5">
         <name>_ctypes_</name>
         <value>0xf9c0</value>
         <object_component_ref idref="oc-455"/>
      </symbol>
      <symbol id="sm-ec3">
         <name>ltoa</name>
         <value>0xee70</value>
         <object_component_ref idref="oc-460"/>
      </symbol>
      <symbol id="sm-ed2">
         <name>memccpy</name>
         <value>0xf304</value>
         <object_component_ref idref="oc-40f"/>
      </symbol>
      <symbol id="sm-ee0">
         <name>strchr</name>
         <value>0xf380</value>
         <object_component_ref idref="oc-48d"/>
      </symbol>
      <symbol id="sm-ef6">
         <name>__aeabi_errno_addr</name>
         <value>0xf400</value>
         <object_component_ref idref="oc-41b"/>
      </symbol>
      <symbol id="sm-ef7">
         <name>errno</name>
         <value>0x8001688</value>
         <object_component_ref idref="oc-49d"/>
      </symbol>
      <symbol id="sm-f0f">
         <name>wcslen</name>
         <value>0xf3a8</value>
         <object_component_ref idref="oc-415"/>
      </symbol>
      <symbol id="sm-f2c">
         <name>frexpl</name>
         <value>0xed60</value>
         <object_component_ref idref="oc-481"/>
      </symbol>
      <symbol id="sm-f2d">
         <name>frexp</name>
         <value>0xed60</value>
         <object_component_ref idref="oc-481"/>
      </symbol>
      <symbol id="sm-f47">
         <name>scalbn</name>
         <value>0xe2cc</value>
         <object_component_ref idref="oc-487"/>
      </symbol>
      <symbol id="sm-f48">
         <name>scalbnl</name>
         <value>0xe2cc</value>
         <object_component_ref idref="oc-487"/>
      </symbol>
      <symbol id="sm-f49">
         <name>ldexpl</name>
         <value>0xe2cc</value>
         <object_component_ref idref="oc-487"/>
      </symbol>
      <symbol id="sm-f4a">
         <name>ldexp</name>
         <value>0xe2cc</value>
         <object_component_ref idref="oc-487"/>
      </symbol>
      <symbol id="sm-f54">
         <name>copysign</name>
         <value>0xf330</value>
         <object_component_ref idref="oc-4c5"/>
      </symbol>
      <symbol id="sm-f55">
         <name>copysignl</name>
         <value>0xf330</value>
         <object_component_ref idref="oc-4c5"/>
      </symbol>
      <symbol id="sm-f56">
         <name>__TI_static_base__</name>
         <value>0x0</value>
      </symbol>
      <symbol id="sm-f59">
         <name>SHT$$INIT_ARRAY$$Base</name>
         <value>0x0</value>
      </symbol>
      <symbol id="sm-f5a">
         <name>SHT$$INIT_ARRAY$$Limit</name>
         <value>0x0</value>
      </symbol>
      <symbol id="sm-f5b">
         <name>_system_post_cinit</name>
         <value>0x0</value>
      </symbol>
   </symbol_table>
   <title>Link successful</title>
</link_info>
